Component: ARM Compiler 5.06 update 6 (build 750) Tool: armlink [4d35ed]

==============================================================================

Section Cross References

    fsmc_sram.o(i.FSMC_LCD_Init_H) refers to stm32f10x_fsmc.o(i.FSMC_NORSRAMInit) for FSMC_NORSRAMInit
    fsmc_sram.o(i.FSMC_LCD_Init_H) refers to stm32f10x_fsmc.o(i.FSMC_NORSRAMCmd) for FSMC_NORSRAMCmd
    fsmc_sram.o(i.FSMC_LCD_Init_L) refers to stm32f10x_fsmc.o(i.FSMC_NORSRAMInit) for FSMC_NORSRAMInit
    fsmc_sram.o(i.FSMC_LCD_Init_L) refers to stm32f10x_fsmc.o(i.FSMC_NORSRAMCmd) for FSMC_NORSRAMCmd
    main.o(i.D3_timer3_ini_PWM_disable) refers to stm32f10x_gpio.o(i.GPIO_PinRemapConfig) for GPIO_PinRemapConfig
    main.o(i.D3_timer3_ini_PWM_disable) refers to stm32f10x_gpio.o(i.GPIO_Init) for GPIO_Init
    main.o(i.D3_timer3_ini_PWM_disable) refers to stm32f10x_tim.o(i.TIM_Cmd) for TIM_Cmd
    main.o(i.D3_timer3_ini_PWM_disable) refers to stm32f10x_tim.o(i.TIM_CtrlPWMOutputs) for TIM_CtrlPWMOutputs
    main.o(i.D3_timer3_ini_PWM_disable) refers to main.o(.data) for .data
    main.o(i.D3_timer3_ini_PWM_enable) refers to stm32f10x_gpio.o(i.GPIO_PinRemapConfig) for GPIO_PinRemapConfig
    main.o(i.D3_timer3_ini_PWM_enable) refers to stm32f10x_gpio.o(i.GPIO_Init) for GPIO_Init
    main.o(i.D3_timer3_ini_PWM_enable) refers to stm32f10x_tim.o(i.TIM_DeInit) for TIM_DeInit
    main.o(i.D3_timer3_ini_PWM_enable) refers to stm32f10x_tim.o(i.TIM_InternalClockConfig) for TIM_InternalClockConfig
    main.o(i.D3_timer3_ini_PWM_enable) refers to stm32f10x_tim.o(i.TIM_TimeBaseInit) for TIM_TimeBaseInit
    main.o(i.D3_timer3_ini_PWM_enable) refers to stm32f10x_tim.o(i.TIM_OCStructInit) for TIM_OCStructInit
    main.o(i.D3_timer3_ini_PWM_enable) refers to stm32f10x_tim.o(i.TIM_OC3Init) for TIM_OC3Init
    main.o(i.D3_timer3_ini_PWM_enable) refers to stm32f10x_tim.o(i.TIM_Cmd) for TIM_Cmd
    main.o(i.D3_timer3_ini_PWM_enable) refers to stm32f10x_tim.o(i.TIM_CtrlPWMOutputs) for TIM_CtrlPWMOutputs
    main.o(i.D3_timer3_ini_PWM_enable) refers to main.o(.data) for .data
    main.o(i.D4_timer3_ini_PWM_disable) refers to stm32f10x_gpio.o(i.GPIO_PinRemapConfig) for GPIO_PinRemapConfig
    main.o(i.D4_timer3_ini_PWM_disable) refers to stm32f10x_gpio.o(i.GPIO_Init) for GPIO_Init
    main.o(i.D4_timer3_ini_PWM_disable) refers to stm32f10x_tim.o(i.TIM_Cmd) for TIM_Cmd
    main.o(i.D4_timer3_ini_PWM_disable) refers to stm32f10x_tim.o(i.TIM_CtrlPWMOutputs) for TIM_CtrlPWMOutputs
    main.o(i.D4_timer3_ini_PWM_disable) refers to main.o(.data) for .data
    main.o(i.D4_timer3_ini_PWM_enable) refers to stm32f10x_gpio.o(i.GPIO_PinRemapConfig) for GPIO_PinRemapConfig
    main.o(i.D4_timer3_ini_PWM_enable) refers to stm32f10x_gpio.o(i.GPIO_Init) for GPIO_Init
    main.o(i.D4_timer3_ini_PWM_enable) refers to stm32f10x_tim.o(i.TIM_DeInit) for TIM_DeInit
    main.o(i.D4_timer3_ini_PWM_enable) refers to stm32f10x_tim.o(i.TIM_InternalClockConfig) for TIM_InternalClockConfig
    main.o(i.D4_timer3_ini_PWM_enable) refers to stm32f10x_tim.o(i.TIM_TimeBaseInit) for TIM_TimeBaseInit
    main.o(i.D4_timer3_ini_PWM_enable) refers to stm32f10x_tim.o(i.TIM_OCStructInit) for TIM_OCStructInit
    main.o(i.D4_timer3_ini_PWM_enable) refers to stm32f10x_tim.o(i.TIM_OC4Init) for TIM_OC4Init
    main.o(i.D4_timer3_ini_PWM_enable) refers to stm32f10x_tim.o(i.TIM_Cmd) for TIM_Cmd
    main.o(i.D4_timer3_ini_PWM_enable) refers to stm32f10x_tim.o(i.TIM_CtrlPWMOutputs) for TIM_CtrlPWMOutputs
    main.o(i.D4_timer3_ini_PWM_enable) refers to main.o(.data) for .data
    main.o(i.EXTI_Configuration) refers to stm32f10x_gpio.o(i.GPIO_EXTILineConfig) for GPIO_EXTILineConfig
    main.o(i.EXTI_Configuration) refers to stm32f10x_exti.o(i.EXTI_Init) for EXTI_Init
    main.o(i.GPIO_Configuration) refers to stm32f10x_gpio.o(i.GPIO_Init) for GPIO_Init
    main.o(i.GPIO_Configuration) refers to stm32f10x_gpio.o(i.GPIO_SetBits) for GPIO_SetBits
    main.o(i.GPIO_Configuration) refers to stm32f10x_gpio.o(i.GPIO_ResetBits) for GPIO_ResetBits
    main.o(i.NVIC_Configuration) refers to misc.o(i.NVIC_SetVectorTable) for NVIC_SetVectorTable
    main.o(i.NVIC_Configuration) refers to misc.o(i.NVIC_PriorityGroupConfig) for NVIC_PriorityGroupConfig
    main.o(i.NVIC_Configuration) refers to misc.o(i.NVIC_Init) for NVIC_Init
    main.o(i.PageProgram_bin2flash) refers to main.o(i.D3_timer3_ini_PWM_enable) for D3_timer3_ini_PWM_enable
    main.o(i.PageProgram_bin2flash) refers to ff.o(i.f_mount) for f_mount
    main.o(i.PageProgram_bin2flash) refers to ff.o(i.f_open) for f_open
    main.o(i.PageProgram_bin2flash) refers to ff.o(i.f_read) for f_read
    main.o(i.PageProgram_bin2flash) refers to spi_flash.o(i.WRITE_DATA_PAGE) for WRITE_DATA_PAGE
    main.o(i.PageProgram_bin2flash) refers to ff.o(i.f_close) for f_close
    main.o(i.PageProgram_bin2flash) refers to main.o(.bss) for .bss
    main.o(i.PageProgram_bin2flash) refers to main.o(.data) for .data
[...]
    Removing ra8889_api.o(i.Print_GB2312String), (158 bytes).
    Removing ra8889_api.o(i.Print_Hex), (68 bytes).
    Removing ra8889_api.o(i.Print_Internal_Font_Decimalvariable), (92 bytes).
    Removing ra8889_api.o(i.Print_Internal_Font_Hexvariable), (92 bytes).
    Removing ra8889_api.o(i.Print_UnicodeString), (212 bytes).
    Removing ra8889_api.o(i.SPI_NAND_DMA), (206 bytes).
    Removing ra8889_api.o(i.SPI_NAND_DMA_png), (88 bytes).
    Removing ra8889_api.o(i.SPI_NAND_initial_DMA), (144 bytes).
    Removing ra8889_api.o(i.SPI_NAND_initial_JPG_AVI), (152 bytes).
    Removing ra8889_api.o(i.SPI_NOR_DMA_png), (52 bytes).
    Removing ra8889_api.o(i.SPI_NOR_Flash_switch_QUAD_MODE), (206 bytes).
    Removing ra8889_api.o(i.SPI_NOR_initial_DMA), (222 bytes).
    Removing ra8889_api.o(i.SPI_NOR_initial_JPG_AVI), (164 bytes).
    Removing ra8889_api.o(i.lcdPutChar16x24), (108 bytes).
    Removing ra8889_api.o(i.lcdPutChar32x48), (116 bytes).
    Removing ra8889_api.o(i.lcdPutChar8x12), (100 bytes).
    Removing ra8889_api.o(i.lcdPutString16x24), (60 bytes).
    Removing ra8889_api.o(i.lcdPutString32x48), (60 bytes).
    Removing ra8889_api.o(i.lcdPutString8x12), (60 bytes).
    Removing ra8889_api.o(i.putPixel), (22 bytes).
    Removing ra8889_api.o(i.switch_24bits_to_32bits), (112 bytes).
    Removing ra8889_api.o(.constdata), (23940 bytes).
    Removing ra8889_api.o(.data), (1 bytes).
    Removing ra8889_application_using_stm32.o(i.RA8889_SPI_Flash_CE), (120 bytes).
    Removing ra8889_application_using_stm32.o(i.RA8889_SPI_Flash_RDSR), (34 bytes).
    Removing ra8889_application_using_stm32.o(i.RA8889_SPI_Flash_WRDI), (32 bytes).
    Removing ra8889_application_using_stm32.o(i.RA8889_SPI_Flash_WREN), (32 bytes).
    Removing ra8889_application_using_stm32.o(i.RA8889_Write_SD_to_MX25L25635E_PP), (376 bytes).
    Removing ra8889_application_using_stm32.o(i.sd_BTE_showpic_16M_mode1_bin), (164 bytes).
    Removing ra8889_application_using_stm32.o(i.sd_BTE_showpic_256_bin), (132 bytes).
    Removing ra8889_application_using_stm32.o(i.sd_BTE_showpic_65k_bin), (144 bytes).
    Removing ra8889_application_using_stm32.o(i.sd_showpic_16M_bin), (180 bytes).
    Removing ra8889_application_using_stm32.o(i.sd_showpic_16M_mode1_bin), (164 bytes).
    Removing ra8889_application_using_stm32.o(i.sd_showpic_16M_mode2_bin), (168 bytes).
    Removing ra8889_application_using_stm32.o(i.sd_showpic_256_bin), (144 bytes).
    Removing ra8889_application_using_stm32.o(i.sd_showpic_65k_bin), (152 bytes).
    Removing ra8889_application_using_stm32.o(i.sd_showpic_MPU8_to_16M_bin), (156 bytes).
    Removing ra8889_application_using_stm32.o(i.sd_showpic_MPU8_to_65k_bin), (152 bytes).
    Removing ra8889_mcu_if.o(i.GPIO_Configuration_6800_SP3_SP4_I2C), (464 bytes).
    Removing ra8889_mcu_if.o(i.GPIO_Configuration_8080), (468 bytes).
    Removing ra8889_mcu_if.o(.data), (4 bytes).
    Removing api_demo.o(i.API_BTE_Alpha_Blending_Picture_mode_Demo), (114 bytes).
    Removing api_demo.o(i.API_BTE_MCU_Write_Chroma_key_MCU_16bit_Demo), (40 bytes).
    Removing api_demo.o(i.API_BTE_MCU_Write_Chroma_key_MCU_8bit_Demo), (2 bytes).
    Removing api_demo.o(i.API_BTE_MCU_Write_ColorExpansion_Chroma_key_MCU_16bit_Demo), (40 bytes).
    Removing api_demo.o(i.API_BTE_MCU_Write_ColorExpansion_Chroma_key_MCU_8bit_Demo), (2 bytes).
    Removing api_demo.o(i.API_BTE_MCU_Write_ColorExpansion_MCU_16bit_Demo), (48 bytes).
    Removing api_demo.o(i.API_BTE_MCU_Write_ColorExpansion_MCU_8bit_Demo), (2 bytes).
    Removing api_demo.o(i.API_BTE_MCU_Write_MCU_16bit_Demo), (52 bytes).
    Removing api_demo.o(i.API_BTE_MCU_Write_MCU_8bit_Demo), (2 bytes).
    Removing api_demo.o(i.API_BTE_Memory_Copy_Chroma_key_Demo), (84 bytes).
    Removing api_demo.o(i.API_BTE_Memory_Copy_Demo), (92 bytes).
    Removing api_demo.o(i.API_BTE_Pattern_Fill_Demo), (116 bytes).
    Removing api_demo.o(i.API_BTE_Pattern_Fill_with_Chroma_key_Demo), (120 bytes).
    Removing api_demo.o(i.API_BTE_Solid_Fill_Demo), (30 bytes).
    Removing api_demo.o(i.API_DMA_24bit_Demo), (42 bytes).
    Removing api_demo.o(i.API_DMA_32bit_Demo), (46 bytes).
    Removing api_demo.o(i.API_Draw_Circle_Demo), (60 bytes).
    Removing api_demo.o(i.API_Draw_Circle_Square_Demo), (86 bytes).
    Removing api_demo.o(i.API_Draw_Curve_Demo), (160 bytes).
    Removing api_demo.o(i.API_Draw_Ellipse_Demo), (40 bytes).
    Removing api_demo.o(i.API_Draw_Line_Demo), (46 bytes).
    Removing api_demo.o(i.API_Draw_Square_Demo), (62 bytes).
    Removing api_demo.o(i.API_Draw_Triangle_Demo), (68 bytes).
    Removing api_demo.o(i.API_MPU16_16bpp_Memory_Write_Demo), (56 bytes).
    Removing api_demo.o(i.API_MPU16_24bpp_Mode1_Memory_Write_Demo), (56 bytes).
    Removing api_demo.o(i.API_MPU16_24bpp_Mode2_Memory_Write_Demo), (56 bytes).
    Removing api_demo.o(i.API_MPU8_16bpp_Memory_Write_Demo), (56 bytes).
    Removing api_demo.o(i.API_MPU8_24bpp_Memory_Write_Demo), (56 bytes).
    Removing api_demo.o(i.API_MPU8_8bpp_Memory_Write_Demo), (56 bytes).
    Removing api_demo.o(i.API_PIP_Demo), (80 bytes).
    Removing api_demo.o(i.API_Print_BIG5String_Demo), (80 bytes).
    Removing api_demo.o(i.API_Print_GB12345String_Demo), (80 bytes).
    Removing api_demo.o(i.API_Print_GB2312String_Demo), (80 bytes).
    Removing api_demo.o(i.API_Print_UnicodeString_Demo), (104 bytes).
    Removing api_demo.o(i.BTE_alpha_32bit_blending_pixel_mode_NAND_Demo), (160 bytes).
    Removing api_demo.o(i.BTE_alpha_32bit_blending_pixel_mode_NOR_Demo), (176 bytes).
    Removing api_demo.o(i.NAND_AVI_Demo), (92 bytes).
    Removing api_demo.o(i.NAND_DMA_Demo), (60 bytes).
    Removing api_demo.o(i.NAND_JPG_Demo), (36 bytes).
    Removing api_demo.o(i.NOR_AVI_Demo), (96 bytes).
    Removing api_demo.o(i.NOR_JPG_Demo), (44 bytes).
    Removing api_demo.o(i.PWM_Demo), (36 bytes).
    Removing api_demo.o(i.Print_key_code), (232 bytes).
    Removing api_demo.o(i.RAIO_define_font), (26 bytes).
    Removing api_demo.o(.constdata), (248576 bytes).
    Removing api_demo.o(.constdata), (32768 bytes).
    Removing api_demo.o(.constdata), (2048 bytes).
    Removing api_demo.o(.constdata), (256 bytes).
    Removing api_demo.o(.constdata), (61600 bytes).
    Removing api_demo.o(.constdata), (512 bytes).
    Removing api_demo.o(.constdata), (768 bytes).
    Removing api_demo.o(.constdata), (512 bytes).
    Removing api_demo.o(.constdata), (1024 bytes).
    Removing api_demo.o(.constdata), (128 bytes).
    Removing dadd.o(.text), (334 bytes).
    Removing dmul.o(.text), (228 bytes).
    Removing ddiv.o(.text), (222 bytes).
    Removing dfixul.o(.text), (48 bytes).
    Removing cdrcmple.o(.text), (48 bytes).
    Removing depilogue.o(.text), (186 bytes).

1020 unused section(s) (total 434837 bytes) removed from the image.

==============================================================================

Image Symbol Table

    Local Symbols

    Symbol Name                              Value     Ov Type        Size  Object(Section)

    ../clib/microlib/division.c              0x00000000   Number         0  uldiv.o ABSOLUTE
    ../clib/microlib/division.c              0x00000000   Number         0  uidiv.o ABSOLUTE
    ../clib/microlib/init/entry.s            0x00000000   Number         0  entry2.o ABSOLUTE
    ../clib/microlib/init/entry.s            0x00000000   Number         0  entry5.o ABSOLUTE
    ../clib/microlib/init/entry.s            0x00000000   Number         0  entry9a.o ABSOLUTE
    ../clib/microlib/init/entry.s            0x00000000   Number         0  entry7b.o ABSOLUTE
    ../clib/microlib/init/entry.s            0x00000000   Number         0  entry8a.o ABSOLUTE
    ../clib/microlib/init/entry.s            0x00000000   Number         0  entry10a.o ABSOLUTE
    ../clib/microlib/init/entry.s            0x00000000   Number         0  entry11a.o ABSOLUTE
    ../clib/microlib/init/entry.s            0x00000000   Number         0  entry7a.o ABSOLUTE
    ../clib/microlib/init/entry.s            0x00000000   Number         0  entry9b.o ABSOLUTE
    ../clib/microlib/init/entry.s            0x00000000   Number         0  entry10b.o ABSOLUTE
    ../clib/microlib/init/entry.s            0x00000000   Number         0  entry8b.o ABSOLUTE
    ../clib/microlib/init/entry.s            0x00000000   Number         0  entry.o ABSOLUTE
    ../clib/microlib/init/entry.s            0x00000000   Number         0  entry11b.o ABSOLUTE
    ../clib/microlib/longlong.c              0x00000000   Number         0  llushr.o ABSOLUTE
    ../clib/microlib/longlong.c              0x00000000   Number         0  llsshr.o ABSOLUTE
    ../clib/microlib/longlong.c              0x00000000   Number         0  llshl.o ABSOLUTE
    ../clib/microlib/printf/printf.c         0x00000000   Number         0  printfb.o ABSOLUTE
    ../clib/microlib/printf/printf.c         0x00000000   Number         0  printf4.o ABSOLUTE
    ../clib/microlib/printf/printf.c         0x00000000   Number         0  printf3.o ABSOLUTE
    ../clib/microlib/printf/printf.c         0x00000000   Number         0  printfa.o ABSOLUTE
    ../clib/microlib/printf/printf.c         0x00000000   Number         0  printf7.o ABSOLUTE
    ../clib/microlib/printf/printf.c         0x00000000   Number         0  printf2.o ABSOLUTE
    ../clib/microlib/printf/printf.c         0x00000000   Number         0  printf0.o ABSOLUTE
    ../clib/microlib/printf/printf.c         0x00000000   Number         0  printf8.o ABSOLUTE
    ../clib/microlib/printf/printf.c         0x00000000   Number         0  printf6.o ABSOLUTE
    ../clib/microlib/printf/printf.c         0x00000000   Number         0  printf5.o ABSOLUTE
    ../clib/microlib/printf/printf.c         0x00000000   Number         0  printf1.o ABSOLUTE
    ../clib/microlib/printf/stubs.s          0x00000000   Number         0  stubs.o ABSOLUTE
    ../clib/microlib/stdio/streams.c         0x00000000   Number         0  stdout.o ABSOLUTE
    ../clib/microlib/string/memcpy.c         0x00000000   Number         0  memcpyb.o ABSOLUTE
    ../clib/microlib/string/memcpy.c         0x00000000   Number         0  memcpya.o ABSOLUTE
    ../clib/microlib/stubs.s                 0x00000000   Number         0  iusefp.o ABSOLUTE
    ../clib/microlib/time/localtime.c        0x00000000   Number         0  localtime_w.o ABSOLUTE
    ../clib/microlib/time/localtime.c        0x00000000   Number         0  localtime_i.o ABSOLUTE
    ../clib/microlib/time/localtime.c        0x00000000   Number         0  localtime.o ABSOLUTE
    ../clib/microlib/time/mktime.c           0x00000000   Number         0  mktime.o ABSOLUTE
    ../fplib/microlib/fpadd.c                0x00000000   Number         0  dadd.o ABSOLUTE
    ../fplib/microlib/fpdiv.c                0x00000000   Number         0  ddiv.o ABSOLUTE
    ../fplib/microlib/fpepilogue.c           0x00000000   Number         0  depilogue.o ABSOLUTE
    ../fplib/microlib/fpfix.c                0x00000000   Number         0  dfixul.o ABSOLUTE
    ../fplib/microlib/fpmul.c                0x00000000   Number         0  dmul.o ABSOLUTE
    FWlib\SRC\misc.c                         0x00000000   Number         0  misc.o ABSOLUTE
    FWlib\SRC\stm32f10x_bkp.c                0x00000000   Number         0  stm32f10x_bkp.o ABSOLUTE
    FWlib\SRC\stm32f10x_dma.c                0x00000000   Number         0  stm32f10x_dma.o ABSOLUTE
    FWlib\SRC\stm32f10x_exti.c               0x00000000   Number         0  stm32f10x_exti.o ABSOLUTE
    FWlib\SRC\stm32f10x_fsmc.c               0x00000000   Number         0  stm32f10x_fsmc.o ABSOLUTE
    FWlib\SRC\stm32f10x_gpio.c               0x00000000   Number         0  stm32f10x_gpio.o ABSOLUTE
    FWlib\SRC\stm32f10x_pwr.c                0x00000000   Number         0  stm32f10x_pwr.o ABSOLUTE
    FWlib\SRC\stm32f10x_rcc.c                0x00000000   Number         0  stm32f10x_rcc.o ABSOLUTE
    FWlib\SRC\stm32f10x_rtc.c                0x00000000   Number         0  stm32f10x_rtc.o ABSOLUTE
    FWlib\SRC\stm32f10x_sdio.c               0x00000000   Number         0  stm32f10x_sdio.o ABSOLUTE
    FWlib\SRC\stm32f10x_spi.c                0x00000000   Number         0  stm32f10x_spi.o ABSOLUTE
    FWlib\SRC\stm32f10x_tim.c                0x00000000   Number         0  stm32f10x_tim.o ABSOLUTE
    FWlib\SRC\stm32f10x_usart.c              0x00000000   Number         0  stm32f10x_usart.o ABSOLUTE
    RA8889_01_Kernel\RA8889.c                0x00000000   Number         0  ra8889.o ABSOLUTE
    RA8889_01_Kernel\RA8889_API.c            0x00000000   Number         0  ra8889_api.o ABSOLUTE
    RA8889_01_Kernel\RA8889_Application_Using_STM32.c 0x00000000   Number         0  ra8889_application_using_stm32.o ABSOLUTE
    RA8889_01_Kernel\RA8889_MCU_IF.c         0x00000000   Number         0  ra8889_mcu_if.o ABSOLUTE
    RA8889_02_Function_Demo\API_Demo.c       0x00000000   Number         0  api_demo.o ABSOLUTE
    User\W25N01GV.c                          0x00000000   Number         0  w25n01gv.o ABSOLUTE
    cdrcmple.s                               0x00000000   Number         0  cdrcmple.o ABSOLUTE
    dc.s                                     0x00000000   Number         0  dc.o ABSOLUTE
    fatfs\diskio.c                           0x00000000   Number         0  diskio.o ABSOLUTE
    fatfs\ff.c                               0x00000000   Number         0  ff.o ABSOLUTE
    handlers.s                               0x00000000   Number         0  handlers.o ABSOLUTE
    init.s                                   0x00000000   Number         0  init.o ABSOLUTE
    startup\startup_stm32f10x_hd.s           0x00000000   Number         0  startup_stm32f10x_hd.o ABSOLUTE
    user\RTC_Time.c                          0x00000000   Number         0  rtc_time.o ABSOLUTE
    user\SPI_Flash.c                         0x00000000   Number         0  spi_flash.o ABSOLUTE
    user\\core_cm3.c                         0x00000000   Number         0  core_cm3.o ABSOLUTE
    user\core_cm3.c                          0x00000000   Number         0  core_cm3.o ABSOLUTE
    user\delay.c                             0x00000000   Number         0  delay.o ABSOLUTE
    user\fsmc_sram.c                         0x00000000   Number         0  fsmc_sram.o ABSOLUTE
    user\main.c                              0x00000000   Number         0  main.o ABSOLUTE
    user\sdcard.c                            0x00000000   Number         0  sdcard.o ABSOLUTE
    user\stm32f10x_it.c                      0x00000000   Number         0  stm32f10x_it.o ABSOLUTE
    user\system_stm32f10x.c                  0x00000000   Number         0  system_stm32f10x.o ABSOLUTE
    user\usart.c                             0x00000000   Number         0  usart.o ABSOLUTE
    RESET                                    0x08000000   Section      304  startup_stm32f10x_hd.o(RESET)
    .ARM.Collect$$$$00000000                 0x08000130   Section        0  entry.o(.ARM.Collect$$$$00000000)
    .ARM.Collect$$$$00000001                 0x08000130   Section        4  entry2.o(.ARM.Collect$$$$00000001)
    .ARM.Collect$$$$00000004                 0x08000134   Section        4  entry5.o(.ARM.Collect$$$$00000004)
    .ARM.Collect$$$$00000008                 0x08000138   Section        0  entry7b.o(.ARM.Collect$$$$00000008)
    .ARM.Collect$$$$0000000A                 0x08000138   Section        0  entry8b.o(.ARM.Collect$$$$0000000A)
    .ARM.Collect$$$$0000000B                 0x08000138   Section        8  entry9a.o(.ARM.Collect$$$$0000000B)
    .ARM.Collect$$$$0000000D                 0x08000140   Section        0  entry10a.o(.ARM.Collect$$$$0000000D)
    .ARM.Collect$$$$0000000F                 0x08000140   Section        0  entry11a.o(.ARM.Collect$$$$0000000F)
    .ARM.Collect$$$$00002712                 0x08000140   Section        4  entry2.o(.ARM.Collect$$$$00002712)
    __lit__00000000                          0x08000140   Data           4  entry2.o(.ARM.Collect$$$$00002712)
    .text                                    0x08000144   Section       48  startup_stm32f10x_hd.o(.text)
    .text                                    0x08000174   Section        0  uldiv.o(.text)
    .text                                    0x080001d8   Section       36  init.o(.text)
    .text                                    0x080001fc   Section        0  llshl.o(.text)
    .text                                    0x0800021a   Section        0  llushr.o(.text)
    i.API_Demo                               0x0800023a   Section        0  api_demo.o(i.API_Demo)
    i.API_Print_Internal_Font_String_Demo    0x08000264   Section        0  api_demo.o(i.API_Print_Internal_Font_String_Demo)
    i.Active_Window_WH                       0x080002a4   Section        0  ra8889.o(i.Active_Window_WH)
    i.Active_Window_XY                       0x080002d0   Section        0  ra8889.o(i.Active_Window_XY)
    i.BTE_Destination_Color_24bpp            0x080002f8   Section        0  ra8889.o(i.BTE_Destination_Color_24bpp)
    i.BTE_Destination_Image_Width            0x08000314   Section        0  ra8889.o(i.BTE_Destination_Image_Width)
    i.BTE_Destination_Memory_Start_Address   0x0800032c   Section        0  ra8889.o(i.BTE_Destination_Memory_Start_Address)
    i.BTE_Destination_Window_Start_XY        0x08000358   Section        0  ra8889.o(i.BTE_Destination_Window_Start_XY)
    i.BTE_Enable                             0x08000384   Section        0  ra8889.o(i.BTE_Enable)
    i.BTE_Operation_Code                     0x080003a0   Section        0  ra8889.o(i.BTE_Operation_Code)
    i.BTE_S0_Color_24bpp                     0x080003bc   Section        0  ra8889.o(i.BTE_S0_Color_24bpp)
    i.BTE_S1_Color_24bpp                     0x080003d8   Section        0  ra8889.o(i.BTE_S1_Color_24bpp)
    i.BTE_Solid_Fill                         0x080003f4   Section        0  ra8889_api.o(i.BTE_Solid_Fill)
    i.BTE_Window_Size                        0x08000438   Section        0  ra8889.o(i.BTE_Window_Size)
    i.Background_color_16M                   0x08000464   Section        0  ra8889.o(i.Background_color_16M)
    i.BusFault_Handler                       0x08000488   Section        0  stm32f10x_it.o(i.BusFault_Handler)
    i.CGROM_Select_Internal_CGROM            0x0800048c   Section        0  ra8889.o(i.CGROM_Select_Internal_CGROM)
    i.Canvas_Image_Start_address             0x080004a4   Section        0  ra8889.o(i.Canvas_Image_Start_address)
    i.Canvas_image_width                     0x080004d0   Section        0  ra8889.o(i.Canvas_image_width)
    i.Check_2D_Busy                          0x080004ec   Section        0  ra8889.o(i.Check_2D_Busy)
    i.Check_BTE_Busy                         0x080004f8   Section        0  ra8889.o(i.Check_BTE_Busy)
    i.Check_IC_ready                         0x08000514   Section        0  ra8889.o(i.Check_IC_ready)
    i.Check_Mem_WR_FIFO_Empty                0x08000534   Section        0  ra8889.o(i.Check_Mem_WR_FIFO_Empty)
    i.Check_Mem_WR_FIFO_not_Full             0x08000554   Section        0  ra8889.o(i.Check_Mem_WR_FIFO_not_Full)
    i.Check_SDRAM_Ready                      0x08000560   Section        0  ra8889.o(i.Check_SDRAM_Ready)
    i.CmdResp1Error                          0x08000580   Section        0  sdcard.o(i.CmdResp1Error)
    CmdResp1Error                            0x08000581   Thumb Code   224  sdcard.o(i.CmdResp1Error)
    i.Color_Bar_OFF                          0x08000668   Section        0  ra8889.o(i.Color_Bar_OFF)
    i.Color_Bar_ON                           0x08000680   Section        0  ra8889.o(i.Color_Bar_ON)
    i.DE_High_Active                         0x0800069c   Section        0  ra8889.o(i.DE_High_Active)
    i.Data_Format_16b_24bpp_mode1            0x080006b4   Section        0  ra8889.o(i.Data_Format_16b_24bpp_mode1)
    i.DebugMon_Handler                       0x080006cc   Section        0  stm32f10x_it.o(i.DebugMon_Handler)
    i.Disable_Font_Alignment                 0x080006d0   Section        0  ra8889.o(i.Disable_Font_Alignment)
    i.Display_ON                             0x080006e8   Section        0  ra8889.o(i.Display_ON)
    i.EXTI_Configuration                     0x08000704   Section        0  main.o(i.EXTI_Configuration)
    i.EXTI_Init                              0x0800072c   Section        0  stm32f10x_exti.o(i.EXTI_Init)
    i.Enable_Font_Alignment                  0x080007b0   Section        0  ra8889.o(i.Enable_Font_Alignment)
    i.Enable_PLL                             0x080007cc   Section        0  ra8889.o(i.Enable_PLL)
    i.Enable_SFlash_SPI                      0x08000810   Section        0  ra8889.o(i.Enable_SFlash_SPI)
    i.FSMC_LCD_Init_H                        0x0800082c   Section        0  fsmc_sram.o(i.FSMC_LCD_Init_H)
    i.FSMC_NORSRAMCmd                        0x08000880   Section        0  stm32f10x_fsmc.o(i.FSMC_NORSRAMCmd)
    i.FSMC_NORSRAMInit                       0x080008a0   Section        0  stm32f10x_fsmc.o(i.FSMC_NORSRAMInit)
    i.Font_Background_select_Color           0x08000964   Section        0  ra8889.o(i.Font_Background_select_Color)
    i.Font_Background_select_Original_Canvas 0x0800097c   Section        0  ra8889.o(i.Font_Background_select_Original_Canvas)
    i.Font_Height_X1                         0x08000998   Section        0  ra8889.o(i.Font_Height_X1)
    i.Font_Height_X2                         0x080009b0   Section        0  ra8889.o(i.Font_Height_X2)
    i.Font_Height_X3                         0x080009cc   Section        0  ra8889.o(i.Font_Height_X3)
    i.Font_Height_X4                         0x080009e8   Section        0  ra8889.o(i.Font_Height_X4)
    i.Font_Select_12x24_24x24                0x08000a04   Section        0  ra8889.o(i.Font_Select_12x24_24x24)
    i.Font_Select_16x32_32x32                0x08000a20   Section        0  ra8889.o(i.Font_Select_16x32_32x32)
    i.Font_Select_8x16_16x16                 0x08000a3c   Section        0  ra8889.o(i.Font_Select_8x16_16x16)
    i.Font_Width_X1                          0x08000a54   Section        0  ra8889.o(i.Font_Width_X1)
    i.Font_Width_X2                          0x08000a6c   Section        0  ra8889.o(i.Font_Width_X2)
    i.Font_Width_X3                          0x08000a88   Section        0  ra8889.o(i.Font_Width_X3)
    i.Font_Width_X4                          0x08000aa4   Section        0  ra8889.o(i.Font_Width_X4)
    i.Foreground_color_16M                   0x08000ac0   Section        0  ra8889.o(i.Foreground_color_16M)
    i.GPIO_Configuration                     0x08000ae4   Section        0  main.o(i.GPIO_Configuration)
    i.GPIO_EXTILineConfig                    0x08000cc0   Section        0  stm32f10x_gpio.o(i.GPIO_EXTILineConfig)
    i.GPIO_Init                              0x08000ce8   Section        0  stm32f10x_gpio.o(i.GPIO_Init)
    i.GPIO_ReadInputDataBit                  0x08000d84   Section        0  stm32f10x_gpio.o(i.GPIO_ReadInputDataBit)
    i.GPIO_ResetBits                         0x08000d92   Section        0  stm32f10x_gpio.o(i.GPIO_ResetBits)
    i.GPIO_SetBits                           0x08000d96   Section        0  stm32f10x_gpio.o(i.GPIO_SetBits)
    i.GTFont_Select_GT30L24T3Y               0x08000d9c   Section        0  ra8889.o(i.GTFont_Select_GT30L24T3Y)
    i.Goto_Pixel_XY                          0x08000db8   Section        0  ra8889.o(i.Goto_Pixel_XY)
    i.Goto_Text_XY                           0x08000de4   Section        0  ra8889.o(i.Goto_Text_XY)
    i.Graphic_Mode                           0x08000e0c   Section        0  ra8889.o(i.Graphic_Mode)
    i.HSYNC_Low_Active                       0x08000e24   Section        0  ra8889.o(i.HSYNC_Low_Active)
    i.HardFault_Handler                      0x08000e3c   Section        0  stm32f10x_it.o(i.HardFault_Handler)
    i.Host_Bus_16bit                         0x08000e40   Section        0  ra8889.o(i.Host_Bus_16bit)
    i.IDEC_Destination_Color_24bpp           0x08000e5c   Section        0  ra8889.o(i.IDEC_Destination_Color_24bpp)
    i.LCD_HSYNC_Pulse_Width                  0x08000e84   Section        0  ra8889.o(i.LCD_HSYNC_Pulse_Width)
    i.LCD_HSYNC_Start_Position               0x08000eac   Section        0  ra8889.o(i.LCD_HSYNC_Start_Position)
    i.LCD_HorizontalWidth_VerticalHeight     0x08000ed0   Section        0  ra8889.o(i.LCD_HorizontalWidth_VerticalHeight)
    i.LCD_Horizontal_Non_Display             0x08000f20   Section        0  ra8889.o(i.LCD_Horizontal_Non_Display)
    i.LCD_RegisterRead                       0x08000f50   Section        0  ra8889.o(i.LCD_RegisterRead)
    i.LCD_RegisterWrite                      0x08000f64   Section        0  ra8889.o(i.LCD_RegisterWrite)
    i.LCD_VSYNC_Pulse_Width                  0x08000f80   Section        0  ra8889.o(i.LCD_VSYNC_Pulse_Width)
    i.LCD_VSYNC_Start_Position               0x08000f98   Section        0  ra8889.o(i.LCD_VSYNC_Start_Position)
    i.LCD_Vertical_Non_Display               0x08000fb0   Section        0  ra8889.o(i.LCD_Vertical_Non_Display)
    i.Main_Image_Start_Address               0x08000fd0   Section        0  ra8889.o(i.Main_Image_Start_Address)
    i.Main_Image_Width                       0x08000ffc   Section        0  ra8889.o(i.Main_Image_Width)
    i.Main_Window_Start_XY                   0x08001018   Section        0  ra8889.o(i.Main_Window_Start_XY)
    i.MemManage_Handler                      0x08001040   Section        0  stm32f10x_it.o(i.MemManage_Handler)
    i.MemWrite_Left_Right_Top_Down           0x08001044   Section        0  ra8889.o(i.MemWrite_Left_Right_Top_Down)
    i.Memory_24bpp_Mode                      0x0800105c   Section        0  ra8889.o(i.Memory_24bpp_Mode)
    i.Memory_Select_SDRAM                    0x08001078   Section        0  ra8889.o(i.Memory_Select_SDRAM)
    i.Memory_XY_Mode                         0x08001090   Section        0  ra8889.o(i.Memory_XY_Mode)
    i.NMI_Handler                            0x080010a8   Section        0  stm32f10x_it.o(i.NMI_Handler)
    i.NVIC_Configuration                     0x080010aa   Section        0  main.o(i.NVIC_Configuration)
    i.NVIC_Init                              0x0800110c   Section        0  misc.o(i.NVIC_Init)
    i.NVIC_PriorityGroupConfig               0x08001170   Section        0  misc.o(i.NVIC_PriorityGroupConfig)
    i.NVIC_SetVectorTable                    0x08001184   Section        0  misc.o(i.NVIC_SetVectorTable)
    i.PCLK_Falling                           0x08001198   Section        0  ra8889.o(i.PCLK_Falling)
    i.PDATA_Set_RGB                          0x080011b4   Section        0  ra8889.o(i.PDATA_Set_RGB)
    i.PendSV_Handler                         0x080011cc   Section        0  stm32f10x_it.o(i.PendSV_Handler)
    i.Print_Internal_Font_String             0x080011ce   Section        0  ra8889_api.o(i.Print_Internal_Font_String)
    i.RA8889_HW_Reset                        0x08001218   Section        0  ra8889.o(i.RA8889_HW_Reset)
    i.RA8889_Initial                         0x08001250   Section        0  ra8889.o(i.RA8889_Initial)
    i.RA8889_PLL                             0x0800130a   Section        0  ra8889.o(i.RA8889_PLL)
    i.RA8889_SDRAM_initial                   0x08001444   Section        0  ra8889.o(i.RA8889_SDRAM_initial)
    i.RA8889_SW_Reset                        0x08001478   Section        0  ra8889.o(i.RA8889_SW_Reset)
    i.RCC_AHBPeriphClockCmd                  0x080014a4   Section        0  stm32f10x_rcc.o(i.RCC_AHBPeriphClockCmd)
    i.RCC_APB1PeriphClockCmd                 0x080014bc   Section        0  stm32f10x_rcc.o(i.RCC_APB1PeriphClockCmd)
    i.RCC_APB2PeriphClockCmd                 0x080014d4   Section        0  stm32f10x_rcc.o(i.RCC_APB2PeriphClockCmd)
    i.RCC_Configuration                      0x080014ec   Section        0  main.o(i.RCC_Configuration)
    i.RCC_GetClocksFreq                      0x08001510   Section        0  stm32f10x_rcc.o(i.RCC_GetClocksFreq)
    i.REG_Switch_to_REG0                     0x080015a4   Section        0  ra8889.o(i.REG_Switch_to_REG0)
    i.REG_Switch_to_REG1                     0x080015c0   Section        0  ra8889.o(i.REG_Switch_to_REG1)
    i.Reset_CPHA                             0x080015dc   Section        0  ra8889.o(i.Reset_CPHA)
    i.Reset_CPOL                             0x080015f4   Section        0  ra8889.o(i.Reset_CPOL)
    i.SDIO_ClearFlag                         0x0800160c   Section        0  stm32f10x_sdio.o(i.SDIO_ClearFlag)
    i.SDIO_ClearITPendingBit                 0x08001618   Section        0  stm32f10x_sdio.o(i.SDIO_ClearITPendingBit)
    i.SDIO_GetCommandResponse                0x08001624   Section        0  stm32f10x_sdio.o(i.SDIO_GetCommandResponse)
    i.SDIO_GetFlagStatus                     0x08001630   Section        0  stm32f10x_sdio.o(i.SDIO_GetFlagStatus)
    i.SDIO_GetITStatus                       0x08001644   Section        0  stm32f10x_sdio.o(i.SDIO_GetITStatus)
    i.SDIO_GetResponse                       0x08001658   Section        0  stm32f10x_sdio.o(i.SDIO_GetResponse)
    i.SDIO_IRQHandler                        0x08001664   Section        0  stm32f10x_it.o(i.SDIO_IRQHandler)
    i.SDIO_ITConfig                          0x08001668   Section        0  stm32f10x_sdio.o(i.SDIO_ITConfig)
    i.SDIO_ReadData                          0x08001680   Section        0  stm32f10x_sdio.o(i.SDIO_ReadData)
    i.SDIO_SendCommand                       0x0800168c   Section        0  stm32f10x_sdio.o(i.SDIO_SendCommand)
    i.SDIO_WriteData                         0x080016b4   Section        0  stm32f10x_sdio.o(i.SDIO_WriteData)
    i.SD_ProcessIRQSrc                       0x080016c0   Section        0  sdcard.o(i.SD_ProcessIRQSrc)
    i.SD_StopTransfer                        0x08001858   Section        0  sdcard.o(i.SD_StopTransfer)
    i.SPI_Clock_Period                       0x08001880   Section        0  ra8889.o(i.SPI_Clock_Period)
    i.SPI_Cmd                                0x08001890   Section        0  stm32f10x_spi.o(i.SPI_Cmd)
    i.SPI_Init                               0x080018a4   Section        0  stm32f10x_spi.o(i.SPI_Init)
    i.SPI_Peripheral_Init                    0x080018dc   Section        0  spi_flash.o(i.SPI_Peripheral_Init)
    i.SVC_Handler                            0x08001988   Section        0  stm32f10x_it.o(i.SVC_Handler)
    i.Select_Font_Height_WxN_HxN_ChromaKey_Alignment 0x0800198a   Section        0  ra8889_api.o(i.Select_Font_Height_WxN_HxN_ChromaKey_Alignment)
    i.Select_LCD_Sync_Mode                   0x08001a30   Section        0  ra8889.o(i.Select_LCD_Sync_Mode)
    i.Select_Main_Window_24bpp               0x08001a48   Section        0  ra8889.o(i.Select_Main_Window_24bpp)
    i.Select_PIP1_Window_24bpp               0x08001a64   Section        0  ra8889.o(i.Select_PIP1_Window_24bpp)
    i.Select_PIP2_Window_24bpp               0x08001a80   Section        0  ra8889.o(i.Select_PIP2_Window_24bpp)
    i.Select_SFI_24bit_Address               0x08001a9c   Section        0  ra8889.o(i.Select_SFI_24bit_Address)
    i.Select_SFI_Single_Mode_Dummy_0T_03h    0x08001ab4   Section        0  ra8889.o(i.Select_SFI_Single_Mode_Dummy_0T_03h)
    i.Select_standard_SPI_Mode0_or_Mode3     0x08001ad8   Section        0  ra8889.o(i.Select_standard_SPI_Mode0_or_Mode3)
    i.SetSysClockTo72                        0x08001af0   Section        0  system_stm32f10x.o(i.SetSysClockTo72)
    SetSysClockTo72                          0x08001af1   Thumb Code   160  system_stm32f10x.o(i.SetSysClockTo72)
    i.Set_CPHA                               0x08001b98   Section        0  ra8889.o(i.Set_CPHA)
    i.Set_CPOL                               0x08001bb4   Section        0  ra8889.o(i.Set_CPOL)
    i.Set_LCD_Panel                          0x08001bd0   Section        0  ra8889.o(i.Set_LCD_Panel)
    i.Set_Serial_Flash_IF                    0x08001c6e   Section        0  ra8889.o(i.Set_Serial_Flash_IF)
    i.Show_String                            0x08001ca4   Section        0  ra8889_api.o(i.Show_String)
    i.SysTick_Handler                        0x08001cdc   Section        0  stm32f10x_it.o(i.SysTick_Handler)
    i.SystemInit                             0x08001ce0   Section        0  system_stm32f10x.o(i.SystemInit)
    i.TFT_24bit                              0x08001d20   Section        0  ra8889.o(i.TFT_24bit)
    i.Text_Mode                              0x08001d38   Section        0  ra8889.o(i.Text_Mode)
    i.USART_Cmd                              0x08001d50   Section        0  stm32f10x_usart.o(i.USART_Cmd)
    i.USART_Configuration                    0x08001d64   Section        0  usart.o(i.USART_Configuration)
    i.USART_GetFlagStatus                    0x08001dec   Section        0  stm32f10x_usart.o(i.USART_GetFlagStatus)
    i.USART_ITConfig                         0x08001dfa   Section        0  stm32f10x_usart.o(i.USART_ITConfig)
    i.USART_Init                             0x08001e2c   Section        0  stm32f10x_usart.o(i.USART_Init)
    i.USART_SendData                         0x08001eb8   Section        0  stm32f10x_usart.o(i.USART_SendData)
    i.UsageFault_Handler                     0x08001ec0   Section        0  stm32f10x_it.o(i.UsageFault_Handler)
    i.VSCAN_T_to_B                           0x08001ec4   Section        0  ra8889.o(i.VSCAN_T_to_B)
    i.VSYNC_Low_Active                       0x08001edc   Section        0  ra8889.o(i.VSYNC_Low_Active)
    i.__0printf$5                            0x08001ef4   Section        0  printf5.o(i.__0printf$5)
    i.__scatterload_copy                     0x08001f14   Section       14  handlers.o(i.__scatterload_copy)
    i.__scatterload_null                     0x08001f22   Section        2  handlers.o(i.__scatterload_null)
    i.__scatterload_zeroinit                 0x08001f24   Section       14  handlers.o(i.__scatterload_zeroinit)
    i._printf_core                           0x08001f34   Section        0  printf5.o(i._printf_core)
    _printf_core                             0x08001f35   Thumb Code   658  printf5.o(i._printf_core)
    i.delay_init                             0x080021f4   Section        0  delay.o(i.delay_init)
    i.delay_ms                               0x08002220   Section        0  delay.o(i.delay_ms)
    i.delay_seconds                          0x08002248   Section        0  delay.o(i.delay_seconds)
    i.delay_us                               0x0800225c   Section        0  delay.o(i.delay_us)
    i.fputc                                  0x08002284   Section        0  usart.o(i.fputc)
    i.main                                   0x080022a8   Section        0  main.o(i.main)
    .data                                    0x20000000   Section       40  sdcard.o(.data)
    CardType                                 0x20000004   Data           4  sdcard.o(.data)
    RCA                                      0x20000008   Data           4  sdcard.o(.data)
    DeviceMode                               0x2000000c   Data           4  sdcard.o(.data)
    TotalNumberOfBytes                       0x20000010   Data           4  sdcard.o(.data)
    StopCondition                            0x20000014   Data           4  sdcard.o(.data)
    .data                                    0x20000028   Section        4  delay.o(.data)
    fac_us                                   0x20000028   Data           1  delay.o(.data)
    fac_ms                                   0x2000002a   Data           2  delay.o(.data)
    .data                                    0x2000002c   Section       20  stm32f10x_rcc.o(.data)
    ADCPrescTable                            0x2000002c   Data           4  stm32f10x_rcc.o(.data)
    APBAHBPrescTable                         0x20000030   Data          16  stm32f10x_rcc.o(.data)
    .data                                    0x20000040   Section        4  stdout.o(.data)
    .bss                                     0x20000044   Section      100  sdcard.o(.bss)
    CSD_Tab                                  0x20000044   Data          16  sdcard.o(.bss)
    CID_Tab                                  0x20000054   Data          16  sdcard.o(.bss)
    STACK                                    0x200000a8   Section      512  startup_stm32f10x_hd.o(STACK)

    Global Symbols

    Symbol Name                              Value     Ov Type        Size  Object(Section)

    BuildAttributes$$THM_ISAv4$P$D$K$B$S$PE$A:L22UL41UL21$X:L11$S22US41US21$IEEE1$IW$USESV6$~STKCKD$USESV7$~SHL$OSPACE$ROPI$EBA8$MICROLIB$REQ8$PRES8$EABIv2 0x00000000   Number         0  anon$$obj.o ABSOLUTE
    __ARM_use_no_argv                        0x00000000   Number         0  main.o ABSOLUTE
    _printf_a                                0x00000000   Number         0  stubs.o ABSOLUTE
    _printf_c                                0x00000000   Number         0  stubs.o ABSOLUTE
    _printf_charcount                        0x00000000   Number         0  stubs.o ABSOLUTE
    _printf_d                                0x00000000   Number         0  stubs.o ABSOLUTE
    _printf_e                                0x00000000   Number         0  stubs.o ABSOLUTE
    _printf_f                                0x00000000   Number         0  stubs.o ABSOLUTE
    _printf_flags                            0x00000000   Number         0  stubs.o ABSOLUTE
    _printf_fp_dec                           0x00000000   Number         0  stubs.o ABSOLUTE
    _printf_fp_hex                           0x00000000   Number         0  stubs.o ABSOLUTE
    _printf_g                                0x00000000   Number         0  stubs.o ABSOLUTE
    _printf_i                                0x00000000   Number         0  stubs.o ABSOLUTE
    _printf_int_dec                          0x00000000   Number         0  stubs.o ABSOLUTE
    _printf_l                                0x00000000   Number         0  stubs.o ABSOLUTE
    _printf_lc                               0x00000000   Number         0  stubs.o ABSOLUTE
    _printf_ll                               0x00000000   Number         0  stubs.o ABSOLUTE
    _printf_lld                              0x00000000   Number         0  stubs.o ABSOLUTE
    _printf_lli                              0x00000000   Number         0  stubs.o ABSOLUTE
    _printf_llo                              0x00000000   Number         0  stubs.o ABSOLUTE
    _printf_llu                              0x00000000   Number         0  stubs.o ABSOLUTE
    _printf_llx                              0x00000000   Number         0  stubs.o ABSOLUTE
    _printf_longlong_dec                     0x00000000   Number         0  stubs.o ABSOLUTE
    _printf_longlong_hex                     0x00000000   Number         0  stubs.o ABSOLUTE
    _printf_longlong_oct                     0x00000000   Number         0  stubs.o ABSOLUTE
    _printf_ls                               0x00000000   Number         0  stubs.o ABSOLUTE
    _printf_mbtowc                           0x00000000   Number         0  stubs.o ABSOLUTE
    _printf_n                                0x00000000   Number         0  stubs.o ABSOLUTE
    _printf_o                                0x00000000   Number         0  stubs.o ABSOLUTE
    _printf_p                                0x00000000   Number         0  stubs.o ABSOLUTE
    _printf_percent                          0x00000000   Number         0  stubs.o ABSOLUTE
    _printf_pre_padding                      0x00000000   Number         0  stubs.o ABSOLUTE
    _printf_return_value                     0x00000000   Number         0  stubs.o ABSOLUTE
    _printf_s                                0x00000000   Number         0  stubs.o ABSOLUTE
    _printf_sizespec                         0x00000000   Number         0  stubs.o ABSOLUTE
    _printf_str                              0x00000000   Number         0  stubs.o ABSOLUTE
    _printf_truncate_signed                  0x00000000   Number         0  stubs.o ABSOLUTE
    _printf_truncate_unsigned                0x00000000   Number         0  stubs.o ABSOLUTE
    _printf_u                                0x00000000   Number         0  stubs.o ABSOLUTE
    _printf_wc                               0x00000000   Number         0  stubs.o ABSOLUTE
    _printf_wctomb                           0x00000000   Number         0  stubs.o ABSOLUTE
    _printf_widthprec                        0x00000000   Number         0  stubs.o ABSOLUTE
    _printf_x                                0x00000000   Number         0  stubs.o ABSOLUTE
    __cpp_initialize__aeabi_                  - Undefined Weak Reference
    __cxa_finalize                            - Undefined Weak Reference
    __decompress                              - Undefined Weak Reference
    _clock_init                               - Undefined Weak Reference
    _microlib_exit                            - Undefined Weak Reference
    __Vectors_Size                           0x00000130   Number         0  startup_stm32f10x_hd.o ABSOLUTE
    __Vectors                                0x08000000   Data           4  startup_stm32f10x_hd.o(RESET)
    __Vectors_End                            0x08000130   Data           0  startup_stm32f10x_hd.o(RESET)
    __main                                   0x08000131   Thumb Code     0  entry.o(.ARM.Collect$$$$00000000)
    _main_stk                                0x08000131   Thumb Code     0  entry2.o(.ARM.Collect$$$$00000001)
    _main_scatterload                        0x08000135   Thumb Code     0  entry5.o(.ARM.Collect$$$$00000004)
    __main_after_scatterload                 0x08000139   Thumb Code     0  entry5.o(.ARM.Collect$$$$00000004)
    _main_clock                              0x08000139   Thumb Code     0  entry7b.o(.ARM.Collect$$$$00000008)
    _main_cpp_init                           0x08000139   Thumb Code     0  entry8b.o(.ARM.Collect$$$$0000000A)
    _main_init                               0x08000139   Thumb Code     0  entry9a.o(.ARM.Collect$$$$0000000B)
    __rt_final_cpp                           0x08000141   Thumb Code     0  entry10a.o(.ARM.Collect$$$$0000000D)
    __rt_final_exit                          0x08000141   Thumb Code     0  entry11a.o(.ARM.Collect$$$$0000000F)
    SystemInit_ExtMemCtl                     0x08000145   Thumb Code     2  startup_stm32f10x_hd.o(.text)
    Reset_Handler                            0x08000147   Thumb Code    14  startup_stm32f10x_hd.o(.text)
    ADC1_2_IRQHandler                        0x08000167   Thumb Code     0  startup_stm32f10x_hd.o(.text)
    ADC3_IRQHandler                          0x08000167   Thumb Code     0  startup_stm32f10x_hd.o(.text)
    CAN1_RX1_IRQHandler                      0x08000167   Thumb Code     0  startup_stm32f10x_hd.o(.text)
    CAN1_SCE_IRQHandler                      0x08000167   Thumb Code     0  startup_stm32f10x_hd.o(.text)
    DMA1_Channel1_IRQHandler                 0x08000167   Thumb Code     0  startup_stm32f10x_hd.o(.text)
    DMA1_Channel2_IRQHandler                 0x08000167   Thumb Code     0  startup_stm32f10x_hd.o(.text)
    DMA1_Channel3_IRQHandler                 0x08000167   Thumb Code     0  startup_stm32f10x_hd.o(.text)
    DMA1_Channel4_IRQHandler                 0x08000167   Thumb Code     0  startup_stm32f10x_hd.o(.text)
    DMA1_Channel5_IRQHandler                 0x08000167   Thumb Code     0  startup_stm32f10x_hd.o(.text)
    DMA1_Channel6_IRQHandler                 0x08000167   Thumb Code     0  startup_stm32f10x_hd.o(.text)
    DMA1_Channel7_IRQHandler                 0x08000167   Thumb Code     0  startup_stm32f10x_hd.o(.text)
    DMA2_Channel1_IRQHandler                 0x08000167   Thumb Code     0  startup_stm32f10x_hd.o(.text)
    DMA2_Channel2_IRQHandler                 0x08000167   Thumb Code     0  startup_stm32f10x_hd.o(.text)
    DMA2_Channel3_IRQHandler                 0x08000167   Thumb Code     0  startup_stm32f10x_hd.o(.text)
    DMA2_Channel4_5_IRQHandler               0x08000167   Thumb Code     0  startup_stm32f10x_hd.o(.text)
    EXTI0_IRQHandler                         0x08000167   Thumb Code     0  startup_stm32f10x_hd.o(.text)
    EXTI15_10_IRQHandler                     0x08000167   Thumb Code     0  startup_stm32f10x_hd.o(.text)
    EXTI1_IRQHandler                         0x08000167   Thumb Code     0  startup_stm32f10x_hd.o(.text)
    EXTI2_IRQHandler                         0x08000167   Thumb Code     0  startup_stm32f10x_hd.o(.text)
    EXTI3_IRQHandler                         0x08000167   Thumb Code     0  startup_stm32f10x_hd.o(.text)
    EXTI4_IRQHandler                         0x08000167   Thumb Code     0  startup_stm32f10x_hd.o(.text)
    EXTI9_5_IRQHandler                       0x08000167   Thumb Code     0  startup_stm32f10x_hd.o(.text)
    FLASH_IRQHandler                         0x08000167   Thumb Code     0  startup_stm32f10x_hd.o(.text)
    FSMC_IRQHandler                          0x08000167   Thumb Code     0  startup_stm32f10x_hd.o(.text)
    I2C1_ER_IRQHandler                       0x08000167   Thumb Code     0  startup_stm32f10x_hd.o(.text)
    I2C1_EV_IRQHandler                       0x08000167   Thumb Code     0  startup_stm32f10x_hd.o(.text)
    I2C2_ER_IRQHandler                       0x08000167   Thumb Code     0  startup_stm32f10x_hd.o(.text)
    I2C2_EV_IRQHandler                       0x08000167   Thumb Code     0  startup_stm32f10x_hd.o(.text)
    PVD_IRQHandler                           0x08000167   Thumb Code     0  startup_stm32f10x_hd.o(.text)
    RCC_IRQHandler                           0x08000167   Thumb Code     0  startup_stm32f10x_hd.o(.text)
    RTCAlarm_IRQHandler                      0x08000167   Thumb Code     0  startup_stm32f10x_hd.o(.text)
    RTC_IRQHandler                           0x08000167   Thumb Code     0  startup_stm32f10x_hd.o(.text)
    SPI1_IRQHandler                          0x08000167   Thumb Code     0  startup_stm32f10x_hd.o(.text)
    SPI2_IRQHandler                          0x08000167   Thumb Code     0  startup_stm32f10x_hd.o(.text)
    SPI3_IRQHandler                          0x08000167   Thumb Code     0  startup_stm32f10x_hd.o(.text)
    TAMPER_IRQHandler                        0x08000167   Thumb Code     0  startup_stm32f10x_hd.o(.text)
    TIM1_BRK_IRQHandler                      0x08000167   Thumb Code     0  startup_stm32f10x_hd.o(.text)
    TIM1_CC_IRQHandler                       0x08000167   Thumb Code     0  startup_stm32f10x_hd.o(.text)
    TIM1_TRG_COM_IRQHandler                  0x08000167   Thumb Code     0  startup_stm32f10x_hd.o(.text)
    TIM1_UP_IRQHandler                       0x08000167   Thumb Code     0  startup_stm32f10x_hd.o(.text)
    TIM2_IRQHandler                          0x08000167   Thumb Code     0  startup_stm32f10x_hd.o(.text)
    TIM3_IRQHandler                          0x08000167   Thumb Code     0  startup_stm32f10x_hd.o(.text)
    TIM4_IRQHandler                          0x08000167   Thumb Code     0  startup_stm32f10x_hd.o(.text)
    TIM5_IRQHandler                          0x08000167   Thumb Code     0  startup_stm32f10x_hd.o(.text)
    TIM6_IRQHandler                          0x08000167   Thumb Code     0  startup_stm32f10x_hd.o(.text)
    TIM7_IRQHandler                          0x08000167   Thumb Code     0  startup_stm32f10x_hd.o(.text)
    TIM8_BRK_IRQHandler                      0x08000167   Thumb Code     0  startup_stm32f10x_hd.o(.text)
    TIM8_CC_IRQHandler                       0x08000167   Thumb Code     0  startup_stm32f10x_hd.o(.text)
    TIM8_TRG_COM_IRQHandler                  0x08000167   Thumb Code     0  startup_stm32f10x_hd.o(.text)
    TIM8_UP_IRQHandler                       0x08000167   Thumb Code     0  startup_stm32f10x_hd.o(.text)
    UART4_IRQHandler                         0x08000167   Thumb Code     0  startup_stm32f10x_hd.o(.text)
    UART5_IRQHandler                         0x08000167   Thumb Code     0  startup_stm32f10x_hd.o(.text)
    USART1_IRQHandler                        0x08000167   Thumb Code     0  startup_stm32f10x_hd.o(.text)
    USART2_IRQHandler                        0x08000167   Thumb Code     0  startup_stm32f10x_hd.o(.text)
    USART3_IRQHandler                        0x08000167   Thumb Code     0  startup_stm32f10x_hd.o(.text)
    USBWakeUp_IRQHandler                     0x08000167   Thumb Code     0  startup_stm32f10x_hd.o(.text)
    USB_HP_CAN1_TX_IRQHandler                0x08000167   Thumb Code     0  startup_stm32f10x_hd.o(.text)
    USB_LP_CAN1_RX0_IRQHandler               0x08000167   Thumb Code     0  startup_stm32f10x_hd.o(.text)
    WWDG_IRQHandler                          0x08000167   Thumb Code     0  startup_stm32f10x_hd.o(.text)
    __aeabi_uldivmod                         0x08000175   Thumb Code    98  uldiv.o(.text)
    __scatterload                            0x080001d9   Thumb Code    28  init.o(.text)
    __scatterload_rt2                        0x080001d9   Thumb Code     0  init.o(.text)
    __aeabi_llsl                             0x080001fd   Thumb Code    30  llshl.o(.text)
    _ll_shift_l                              0x080001fd   Thumb Code     0  llshl.o(.text)
    __aeabi_llsr                             0x0800021b   Thumb Code    32  llushr.o(.text)
    _ll_ushift_r                             0x0800021b   Thumb Code     0  llushr.o(.text)
    API_Demo                                 0x0800023b   Thumb Code    40  api_demo.o(i.API_Demo)
    API_Print_Internal_Font_String_Demo      0x08000265   Thumb Code    48  api_demo.o(i.API_Print_Internal_Font_String_Demo)
    Active_Window_WH                         0x080002a5   Thumb Code    38  ra8889.o(i.Active_Window_WH)
    Active_Window_XY                         0x080002d1   Thumb Code    36  ra8889.o(i.Active_Window_XY)
    BTE_Destination_Color_24bpp              0x080002f9   Thumb Code    22  ra8889.o(i.BTE_Destination_Color_24bpp)
    BTE_Destination_Image_Width              0x08000315   Thumb Code    24  ra8889.o(i.BTE_Destination_Image_Width)
    BTE_Destination_Memory_Start_Address     0x0800032d   Thumb Code    44  ra8889.o(i.BTE_Destination_Memory_Start_Address)
    BTE_Destination_Window_Start_XY          0x08000359   Thumb Code    42  ra8889.o(i.BTE_Destination_Window_Start_XY)
    BTE_Enable                               0x08000385   Thumb Code    22  ra8889.o(i.BTE_Enable)
    BTE_Operation_Code                       0x080003a1   Thumb Code    22  ra8889.o(i.BTE_Operation_Code)
    BTE_S0_Color_24bpp                       0x080003bd   Thumb Code    22  ra8889.o(i.BTE_S0_Color_24bpp)
    BTE_S1_Color_24bpp                       0x080003d9   Thumb Code    24  ra8889.o(i.BTE_S1_Color_24bpp)
    BTE_Solid_Fill                           0x080003f5   Thumb Code    68  ra8889_api.o(i.BTE_Solid_Fill)
    BTE_Window_Size                          0x08000439   Thumb Code    42  ra8889.o(i.BTE_Window_Size)
    Background_color_16M                     0x08000465   Thumb Code    30  ra8889.o(i.Background_color_16M)
    BusFault_Handler                         0x08000489   Thumb Code     2  stm32f10x_it.o(i.BusFault_Handler)
    CGROM_Select_Internal_CGROM              0x0800048d   Thumb Code    18  ra8889.o(i.CGROM_Select_Internal_CGROM)
    Canvas_Image_Start_address               0x080004a5   Thumb Code    38  ra8889.o(i.Canvas_Image_Start_address)
    Canvas_image_width                       0x080004d1   Thumb Code    22  ra8889.o(i.Canvas_image_width)
    Check_2D_Busy                            0x080004ed   Thumb Code    12  ra8889.o(i.Check_2D_Busy)
    Check_BTE_Busy                           0x080004f9   Thumb Code    24  ra8889.o(i.Check_BTE_Busy)
    Check_IC_ready                           0x08000515   Thumb Code    32  ra8889.o(i.Check_IC_ready)
    Check_Mem_WR_FIFO_Empty                  0x08000535   Thumb Code    32  ra8889.o(i.Check_Mem_WR_FIFO_Empty)
    Check_Mem_WR_FIFO_not_Full               0x08000555   Thumb Code    12  ra8889.o(i.Check_Mem_WR_FIFO_not_Full)
    Check_SDRAM_Ready                        0x08000561   Thumb Code    32  ra8889.o(i.Check_SDRAM_Ready)
    Color_Bar_OFF                            0x08000669   Thumb Code    20  ra8889.o(i.Color_Bar_OFF)
    Color_Bar_ON                             0x08000681   Thumb Code    22  ra8889.o(i.Color_Bar_ON)
    DE_High_Active                           0x0800069d   Thumb Code    18  ra8889.o(i.DE_High_Active)
    Data_Format_16b_24bpp_mode1              0x080006b5   Thumb Code    20  ra8889.o(i.Data_Format_16b_24bpp_mode1)
    DebugMon_Handler                         0x080006cd   Thumb Code     2  stm32f10x_it.o(i.DebugMon_Handler)
    Disable_Font_Alignment                   0x080006d1   Thumb Code    20  ra8889.o(i.Disable_Font_Alignment)
    Display_ON                               0x080006e9   Thumb Code    22  ra8889.o(i.Display_ON)
    EXTI_Configuration                       0x08000705   Thumb Code    40  main.o(i.EXTI_Configuration)
    EXTI_Init                                0x0800072d   Thumb Code   124  stm32f10x_exti.o(i.EXTI_Init)
    Enable_Font_Alignment                    0x080007b1   Thumb Code    22  ra8889.o(i.Enable_Font_Alignment)
    Enable_PLL                               0x080007cd   Thumb Code    62  ra8889.o(i.Enable_PLL)
    Enable_SFlash_SPI                        0x08000811   Thumb Code    22  ra8889.o(i.Enable_SFlash_SPI)
    FSMC_LCD_Init_H                          0x0800082d   Thumb Code    84  fsmc_sram.o(i.FSMC_LCD_Init_H)
    FSMC_NORSRAMCmd                          0x08000881   Thumb Code    26  stm32f10x_fsmc.o(i.FSMC_NORSRAMCmd)
    FSMC_NORSRAMInit                         0x080008a1   Thumb Code   196  stm32f10x_fsmc.o(i.FSMC_NORSRAMInit)
    Font_Background_select_Color             0x08000965   Thumb Code    20  ra8889.o(i.Font_Background_select_Color)
    Font_Background_select_Original_Canvas   0x0800097d   Thumb Code    22  ra8889.o(i.Font_Background_select_Original_Canvas)
    Font_Height_X1                           0x08000999   Thumb Code    20  ra8889.o(i.Font_Height_X1)
    Font_Height_X2                           0x080009b1   Thumb Code    24  ra8889.o(i.Font_Height_X2)
    Font_Height_X3                           0x080009cd   Thumb Code    24  ra8889.o(i.Font_Height_X3)
    Font_Height_X4                           0x080009e9   Thumb Code    22  ra8889.o(i.Font_Height_X4)
    Font_Select_12x24_24x24                  0x08000a05   Thumb Code    22  ra8889.o(i.Font_Select_12x24_24x24)
    Font_Select_16x32_32x32                  0x08000a21   Thumb Code    22  ra8889.o(i.Font_Select_16x32_32x32)
    Font_Select_8x16_16x16                   0x08000a3d   Thumb Code    18  ra8889.o(i.Font_Select_8x16_16x16)
    Font_Width_X1                            0x08000a55   Thumb Code    20  ra8889.o(i.Font_Width_X1)
    Font_Width_X2                            0x08000a6d   Thumb Code    24  ra8889.o(i.Font_Width_X2)
    Font_Width_X3                            0x08000a89   Thumb Code    24  ra8889.o(i.Font_Width_X3)
    Font_Width_X4                            0x08000aa5   Thumb Code    22  ra8889.o(i.Font_Width_X4)
    Foreground_color_16M                     0x08000ac1   Thumb Code    30  ra8889.o(i.Foreground_color_16M)
    GPIO_Configuration                       0x08000ae5   Thumb Code   456  main.o(i.GPIO_Configuration)
    GPIO_EXTILineConfig                      0x08000cc1   Thumb Code    34  stm32f10x_gpio.o(i.GPIO_EXTILineConfig)
    GPIO_Init                                0x08000ce9   Thumb Code   156  stm32f10x_gpio.o(i.GPIO_Init)
    GPIO_ReadInputDataBit                    0x08000d85   Thumb Code    14  stm32f10x_gpio.o(i.GPIO_ReadInputDataBit)
    GPIO_ResetBits                           0x08000d93   Thumb Code     4  stm32f10x_gpio.o(i.GPIO_ResetBits)
    GPIO_SetBits                             0x08000d97   Thumb Code     4  stm32f10x_gpio.o(i.GPIO_SetBits)
    GTFont_Select_GT30L24T3Y                 0x08000d9d   Thumb Code    24  ra8889.o(i.GTFont_Select_GT30L24T3Y)
    Goto_Pixel_XY                            0x08000db9   Thumb Code    38  ra8889.o(i.Goto_Pixel_XY)
    Goto_Text_XY                             0x08000de5   Thumb Code    36  ra8889.o(i.Goto_Text_XY)
    Graphic_Mode                             0x08000e0d   Thumb Code    18  ra8889.o(i.Graphic_Mode)
    HSYNC_Low_Active                         0x08000e25   Thumb Code    18  ra8889.o(i.HSYNC_Low_Active)
    HardFault_Handler                        0x08000e3d   Thumb Code     2  stm32f10x_it.o(i.HardFault_Handler)
    Host_Bus_16bit                           0x08000e41   Thumb Code    22  ra8889.o(i.Host_Bus_16bit)
    IDEC_Destination_Color_24bpp             0x08000e5d   Thumb Code    34  ra8889.o(i.IDEC_Destination_Color_24bpp)
    LCD_HSYNC_Pulse_Width                    0x08000e85   Thumb Code    34  ra8889.o(i.LCD_HSYNC_Pulse_Width)
    LCD_HSYNC_Start_Position                 0x08000ead   Thumb Code    32  ra8889.o(i.LCD_HSYNC_Start_Position)
    LCD_HorizontalWidth_VerticalHeight       0x08000ed1   Thumb Code    74  ra8889.o(i.LCD_HorizontalWidth_VerticalHeight)
    LCD_Horizontal_Non_Display               0x08000f21   Thumb Code    44  ra8889.o(i.LCD_Horizontal_Non_Display)
    LCD_RegisterRead                         0x08000f51   Thumb Code    14  ra8889.o(i.LCD_RegisterRead)
    LCD_RegisterWrite                        0x08000f65   Thumb Code    22  ra8889.o(i.LCD_RegisterWrite)
    LCD_VSYNC_Pulse_Width                    0x08000f81   Thumb Code    18  ra8889.o(i.LCD_VSYNC_Pulse_Width)
    LCD_VSYNC_Start_Position                 0x08000f99   Thumb Code    18  ra8889.o(i.LCD_VSYNC_Start_Position)
    LCD_Vertical_Non_Display                 0x08000fb1   Thumb Code    26  ra8889.o(i.LCD_Vertical_Non_Display)
    Main_Image_Start_Address                 0x08000fd1   Thumb Code    38  ra8889.o(i.Main_Image_Start_Address)
    Main_Image_Width                         0x08000ffd   Thumb Code    22  ra8889.o(i.Main_Image_Width)
    Main_Window_Start_XY                     0x08001019   Thumb Code    36  ra8889.o(i.Main_Window_Start_XY)
    MemManage_Handler                        0x08001041   Thumb Code     2  stm32f10x_it.o(i.MemManage_Handler)
    MemWrite_Left_Right_Top_Down             0x08001045   Thumb Code    20  ra8889.o(i.MemWrite_Left_Right_Top_Down)
    Memory_24bpp_Mode                        0x0800105d   Thumb Code    22  ra8889.o(i.Memory_24bpp_Mode)
    Memory_Select_SDRAM                      0x08001079   Thumb Code    18  ra8889.o(i.Memory_Select_SDRAM)
    Memory_XY_Mode                           0x08001091   Thumb Code    20  ra8889.o(i.Memory_XY_Mode)
    NMI_Handler                              0x080010a9   Thumb Code     2  stm32f10x_it.o(i.NMI_Handler)
    NVIC_Configuration                       0x080010ab   Thumb Code    98  main.o(i.NVIC_Configuration)
    NVIC_Init                                0x0800110d   Thumb Code    94  misc.o(i.NVIC_Init)
    NVIC_PriorityGroupConfig                 0x08001171   Thumb Code    10  misc.o(i.NVIC_PriorityGroupConfig)
    NVIC_SetVectorTable                      0x08001185   Thumb Code    12  misc.o(i.NVIC_SetVectorTable)
    PCLK_Falling                             0x08001199   Thumb Code    22  ra8889.o(i.PCLK_Falling)
    PDATA_Set_RGB                            0x080011b5   Thumb Code    20  ra8889.o(i.PDATA_Set_RGB)
    PendSV_Handler                           0x080011cd   Thumb Code     2  stm32f10x_it.o(i.PendSV_Handler)
    Print_Internal_Font_String               0x080011cf   Thumb Code    72  ra8889_api.o(i.Print_Internal_Font_String)
    RA8889_HW_Reset                          0x08001219   Thumb Code    50  ra8889.o(i.RA8889_HW_Reset)
    RA8889_Initial                           0x08001251   Thumb Code   186  ra8889.o(i.RA8889_Initial)
    RA8889_PLL                               0x0800130b   Thumb Code   314  ra8889.o(i.RA8889_PLL)
    RA8889_SDRAM_initial                     0x08001445   Thumb Code    52  ra8889.o(i.RA8889_SDRAM_initial)
    RA8889_SW_Reset                          0x08001479   Thumb Code    40  ra8889.o(i.RA8889_SW_Reset)
    RCC_AHBPeriphClockCmd                    0x080014a5   Thumb Code    18  stm32f10x_rcc.o(i.RCC_AHBPeriphClockCmd)
    RCC_APB1PeriphClockCmd                   0x080014bd   Thumb Code    18  stm32f10x_rcc.o(i.RCC_APB1PeriphClockCmd)
    RCC_APB2PeriphClockCmd                   0x080014d5   Thumb Code    18  stm32f10x_rcc.o(i.RCC_APB2PeriphClockCmd)
    RCC_Configuration                        0x080014ed   Thumb Code    36  main.o(i.RCC_Configuration)
    RCC_GetClocksFreq                        0x08001511   Thumb Code   130  stm32f10x_rcc.o(i.RCC_GetClocksFreq)
    REG_Switch_to_REG0                       0x080015a5   Thumb Code    22  ra8889.o(i.REG_Switch_to_REG0)
    REG_Switch_to_REG1                       0x080015c1   Thumb Code    24  ra8889.o(i.REG_Switch_to_REG1)
    Reset_CPHA                               0x080015dd   Thumb Code    20  ra8889.o(i.Reset_CPHA)
    Reset_CPOL                               0x080015f5   Thumb Code    20  ra8889.o(i.Reset_CPOL)
    SDIO_ClearFlag                           0x0800160d   Thumb Code     6  stm32f10x_sdio.o(i.SDIO_ClearFlag)
    SDIO_ClearITPendingBit                   0x08001619   Thumb Code     6  stm32f10x_sdio.o(i.SDIO_ClearITPendingBit)
    SDIO_GetCommandResponse                  0x08001625   Thumb Code     8  stm32f10x_sdio.o(i.SDIO_GetCommandResponse)
    SDIO_GetFlagStatus                       0x08001631   Thumb Code    16  stm32f10x_sdio.o(i.SDIO_GetFlagStatus)
    SDIO_GetITStatus                         0x08001645   Thumb Code    16  stm32f10x_sdio.o(i.SDIO_GetITStatus)
    SDIO_GetResponse                         0x08001659   Thumb Code     8  stm32f10x_sdio.o(i.SDIO_GetResponse)
    SDIO_IRQHandler                          0x08001665   Thumb Code     4  stm32f10x_it.o(i.SDIO_IRQHandler)
    SDIO_ITConfig                            0x08001669   Thumb Code    18  stm32f10x_sdio.o(i.SDIO_ITConfig)
    SDIO_ReadData                            0x08001681   Thumb Code     8  stm32f10x_sdio.o(i.SDIO_ReadData)
    SDIO_SendCommand                         0x0800168d   Thumb Code    34  stm32f10x_sdio.o(i.SDIO_SendCommand)
    SDIO_WriteData                           0x080016b5   Thumb Code     8  stm32f10x_sdio.o(i.SDIO_WriteData)
    SD_ProcessIRQSrc                         0x080016c1   Thumb Code   404  sdcard.o(i.SD_ProcessIRQSrc)
    SD_StopTransfer                          0x08001859   Thumb Code    36  sdcard.o(i.SD_StopTransfer)
    SPI_Clock_Period                         0x08001881   Thumb Code    12  ra8889.o(i.SPI_Clock_Period)
    SPI_Cmd                                  0x08001891   Thumb Code    20  stm32f10x_spi.o(i.SPI_Cmd)
    SPI_Init                                 0x080018a5   Thumb Code    56  stm32f10x_spi.o(i.SPI_Init)
    SPI_Peripheral_Init                      0x080018dd   Thumb Code   164  spi_flash.o(i.SPI_Peripheral_Init)
    SVC_Handler                              0x08001989   Thumb Code     2  stm32f10x_it.o(i.SVC_Handler)
    Select_Font_Height_WxN_HxN_ChromaKey_Alignment 0x0800198b   Thumb Code   166  ra8889_api.o(i.Select_Font_Height_WxN_HxN_ChromaKey_Alignment)
    Select_LCD_Sync_Mode                     0x08001a31   Thumb Code    20  ra8889.o(i.Select_LCD_Sync_Mode)
    Select_Main_Window_24bpp                 0x08001a49   Thumb Code    22  ra8889.o(i.Select_Main_Window_24bpp)
    Select_PIP1_Window_24bpp                 0x08001a65   Thumb Code    22  ra8889.o(i.Select_PIP1_Window_24bpp)
    Select_PIP2_Window_24bpp                 0x08001a81   Thumb Code    22  ra8889.o(i.Select_PIP2_Window_24bpp)
    Select_SFI_24bit_Address                 0x08001a9d   Thumb Code    20  ra8889.o(i.Select_SFI_24bit_Address)
    Select_SFI_Single_Mode_Dummy_0T_03h      0x08001ab5   Thumb Code    30  ra8889.o(i.Select_SFI_Single_Mode_Dummy_0T_03h)
    Select_standard_SPI_Mode0_or_Mode3       0x08001ad9   Thumb Code    20  ra8889.o(i.Select_standard_SPI_Mode0_or_Mode3)
    Set_CPHA                                 0x08001b99   Thumb Code    22  ra8889.o(i.Set_CPHA)
    Set_CPOL                                 0x08001bb5   Thumb Code    22  ra8889.o(i.Set_CPOL)
    Set_LCD_Panel                            0x08001bd1   Thumb Code   158  ra8889.o(i.Set_LCD_Panel)
    Set_Serial_Flash_IF                      0x08001c6f   Thumb Code    52  ra8889.o(i.Set_Serial_Flash_IF)
    Show_String                              0x08001ca5   Thumb Code    52  ra8889_api.o(i.Show_String)
    SysTick_Handler                          0x08001cdd   Thumb Code     2  stm32f10x_it.o(i.SysTick_Handler)
    SystemInit                               0x08001ce1   Thumb Code    50  system_stm32f10x.o(i.SystemInit)
    TFT_24bit                                0x08001d21   Thumb Code    20  ra8889.o(i.TFT_24bit)
    Text_Mode                                0x08001d39   Thumb Code    20  ra8889.o(i.Text_Mode)
    USART_Cmd                                0x08001d51   Thumb Code    20  stm32f10x_usart.o(i.USART_Cmd)
    USART_Configuration                      0x08001d65   Thumb Code   126  usart.o(i.USART_Configuration)
    USART_GetFlagStatus                      0x08001ded   Thumb Code    14  stm32f10x_usart.o(i.USART_GetFlagStatus)
    USART_ITConfig                           0x08001dfb   Thumb Code    48  stm32f10x_usart.o(i.USART_ITConfig)
    USART_Init                               0x08001e2d   Thumb Code   134  stm32f10x_usart.o(i.USART_Init)
    USART_SendData                           0x08001eb9   Thumb Code     8  stm32f10x_usart.o(i.USART_SendData)
    UsageFault_Handler                       0x08001ec1   Thumb Code     2  stm32f10x_it.o(i.UsageFault_Handler)
    VSCAN_T_to_B                             0x08001ec5   Thumb Code    20  ra8889.o(i.VSCAN_T_to_B)
    VSYNC_Low_Active                         0x08001edd   Thumb Code    18  ra8889.o(i.VSYNC_Low_Active)
    __0printf$5                              0x08001ef5   Thumb Code    22  printf5.o(i.__0printf$5)
    __1printf$5                              0x08001ef5   Thumb Code     0  printf5.o(i.__0printf$5)
    __2printf                                0x08001ef5   Thumb Code     0  printf5.o(i.__0printf$5)
    __scatterload_copy                       0x08001f15   Thumb Code    14  handlers.o(i.__scatterload_copy)
    __scatterload_null                       0x08001f23   Thumb Code     2  handlers.o(i.__scatterload_null)
    __scatterload_zeroinit                   0x08001f25   Thumb Code    14  handlers.o(i.__scatterload_zeroinit)
    delay_init                               0x080021f5   Thumb Code    38  delay.o(i.delay_init)
    delay_ms                                 0x08002221   Thumb Code    36  delay.o(i.delay_ms)
    delay_seconds                            0x08002249   Thumb Code    20  delay.o(i.delay_seconds)
    delay_us                                 0x0800225d   Thumb Code    36  delay.o(i.delay_us)
    fputc                                    0x08002285   Thumb Code    30  usart.o(i.fputc)
    main                                     0x080022a9   Thumb Code   106  main.o(i.main)
    Region$$Table$$Base                      0x0800232c   Number         0  anon$$obj.o(Region$$Table)
    Region$$Table$$Limit                     0x0800234c   Number         0  anon$$obj.o(Region$$Table)
    TransferError                            0x20000000   Data           1  sdcard.o(.data)
    TransferEnd                              0x20000018   Data           4  sdcard.o(.data)
    NumberOfBytes                            0x2000001c   Data           4  sdcard.o(.data)
    SrcBuffer                                0x20000020   Data           4  sdcard.o(.data)
    DestBuffer                               0x20000024   Data           4  sdcard.o(.data)
    __stdout                                 0x20000040   Data           4  stdout.o(.data)
    SDIO_InitStructure                       0x20000064   Data          24  sdcard.o(.bss)
    SDIO_CmdInitStructure                    0x2000007c   Data          20  sdcard.o(.bss)
    SDIO_DataInitStructure                   0x20000090   Data          24  sdcard.o(.bss)
    __initial_sp                             0x200002a8   Data           0  startup_stm32f10x_hd.o(STACK)



==============================================================================

Memory Map of the image

  Image Entry point : 0x08000131

  Load Region LR_IROM1 (Base: 0x08000000, Size: 0x00002390, Max: 0x00080000, ABSOLUTE)

    Execution Region ER_IROM1 (Exec base: 0x08000000, Load base: 0x08000000, Size: 0x0000234c, Max: 0x00080000, ABSOLUTE)

    Exec Addr    Load Addr    Size         Type   Attr      Idx    E Section Name        Object

    0x08000000   0x08000000   0x00000130   Data   RO         2733    RESET               startup_stm32f10x_hd.o
    0x08000130   0x08000130   0x00000000   Code   RO         7136  * .ARM.Collect$$$$00000000  mc_w.l(entry.o)
    0x08000130   0x08000130   0x00000004   Code   RO         7411    .ARM.Collect$$$$00000001  mc_w.l(entry2.o)
    0x08000134   0x08000134   0x00000004   Code   RO         7414    .ARM.Collect$$$$00000004  mc_w.l(entry5.o)
    0x08000138   0x08000138   0x00000000   Code   RO         7416    .ARM.Collect$$$$00000008  mc_w.l(entry7b.o)
    0x08000138   0x08000138   0x00000000   Code   RO         7418    .ARM.Collect$$$$0000000A  mc_w.l(entry8b.o)
    0x08000138   0x08000138   0x00000008   Code   RO         7419    .ARM.Collect$$$$0000000B  mc_w.l(entry9a.o)
    0x08000140   0x08000140   0x00000000   Code   RO         7421    .ARM.Collect$$$$0000000D  mc_w.l(entry10a.o)
    0x08000140   0x08000140   0x00000000   Code   RO         7423    .ARM.Collect$$$$0000000F  mc_w.l(entry11a.o)
    0x08000140   0x08000140   0x00000004   Code   RO         7412    .ARM.Collect$$$$00002712  mc_w.l(entry2.o)
    0x08000144   0x08000144   0x00000030   Code   RO         2734    .text               startup_stm32f10x_hd.o
    0x08000174   0x08000174   0x00000062   Code   RO         7428    .text               mc_w.l(uldiv.o)
    0x080001d6   0x080001d6   0x00000002   PAD
    0x080001d8   0x080001d8   0x00000024   Code   RO         7447    .text               mc_w.l(init.o)
    0x080001fc   0x080001fc   0x0000001e   Code   RO         7449    .text               mc_w.l(llshl.o)
    0x0800021a   0x0800021a   0x00000020   Code   RO         7451    .text               mc_w.l(llushr.o)
    0x0800023a   0x0800023a   0x00000028   Code   RO         6838    i.API_Demo          api_demo.o
    0x08000262   0x08000262   0x00000002   PAD
    0x08000264   0x08000264   0x00000040   Code   RO         6856    i.API_Print_Internal_Font_String_Demo  api_demo.o
    0x080002a4   0x080002a4   0x0000002c   Code   RO         3056    i.Active_Window_WH  ra8889.o
    0x080002d0   0x080002d0   0x00000028   Code   RO         3057    i.Active_Window_XY  ra8889.o
    0x080002f8   0x080002f8   0x0000001c   Code   RO         3062    i.BTE_Destination_Color_24bpp  ra8889.o
    0x08000314   0x08000314   0x00000018   Code   RO         3064    i.BTE_Destination_Image_Width  ra8889.o
    0x0800032c   0x0800032c   0x0000002c   Code   RO         3065    i.BTE_Destination_Memory_Start_Address  ra8889.o
    0x08000358   0x08000358   0x0000002a   Code   RO         3066    i.BTE_Destination_Window_Start_XY  ra8889.o
    0x08000382   0x08000382   0x00000002   PAD
    0x08000384   0x08000384   0x0000001c   Code   RO         3068    i.BTE_Enable        ra8889.o
    0x080003a0   0x080003a0   0x0000001c   Code   RO         3069    i.BTE_Operation_Code  ra8889.o
    0x080003bc   0x080003bc   0x0000001c   Code   RO         3072    i.BTE_S0_Color_24bpp  ra8889.o
    0x080003d8   0x080003d8   0x0000001c   Code   RO         3079    i.BTE_S1_Color_24bpp  ra8889.o
    0x080003f4   0x080003f4   0x00000044   Code   RO         6235    i.BTE_Solid_Fill    ra8889_api.o
    0x08000438   0x08000438   0x0000002a   Code   RO         3087    i.BTE_Window_Size   ra8889.o
    0x08000462   0x08000462   0x00000002   PAD
    0x08000464   0x08000464   0x00000024   Code   RO         3089    i.Background_color_16M  ra8889.o
    0x08000488   0x08000488   0x00000002   Code   RO          245    i.BusFault_Handler  stm32f10x_it.o
    0x0800048a   0x0800048a   0x00000002   PAD
    0x0800048c   0x0800048c   0x00000018   Code   RO         3095    i.CGROM_Select_Internal_CGROM  ra8889.o
    0x080004a4   0x080004a4   0x0000002c   Code   RO         3096    i.Canvas_Image_Start_address  ra8889.o
    0x080004d0   0x080004d0   0x0000001c   Code   RO         3097    i.Canvas_image_width  ra8889.o
    0x080004ec   0x080004ec   0x0000000c   Code   RO         3098    i.Check_2D_Busy     ra8889.o
    0x080004f8   0x080004f8   0x0000001c   Code   RO         3099    i.Check_BTE_Busy    ra8889.o
    0x08000514   0x08000514   0x00000020   Code   RO         3103    i.Check_IC_ready    ra8889.o
    0x08000534   0x08000534   0x00000020   Code   RO         3109    i.Check_Mem_WR_FIFO_Empty  ra8889.o
    0x08000554   0x08000554   0x0000000c   Code   RO         3110    i.Check_Mem_WR_FIFO_not_Full  ra8889.o
    0x08000560   0x08000560   0x00000020   Code   RO         3113    i.Check_SDRAM_Ready  ra8889.o
    0x08000580   0x08000580   0x000000e8   Code   RO          315    i.CmdResp1Error     sdcard.o
    0x08000668   0x08000668   0x00000018   Code   RO         3130    i.Color_Bar_OFF     ra8889.o
    0x08000680   0x08000680   0x0000001c   Code   RO         3131    i.Color_Bar_ON      ra8889.o
    0x0800069c   0x0800069c   0x00000018   Code   RO         3132    i.DE_High_Active    ra8889.o
    0x080006b4   0x080006b4   0x00000018   Code   RO         3135    i.Data_Format_16b_24bpp_mode1  ra8889.o
    0x080006cc   0x080006cc   0x00000002   Code   RO          246    i.DebugMon_Handler  stm32f10x_it.o
    0x080006ce   0x080006ce   0x00000002   PAD
    0x080006d0   0x080006d0   0x00000018   Code   RO         3143    i.Disable_Font_Alignment  ra8889.o
    0x080006e8   0x080006e8   0x0000001c   Code   RO         3169    i.Display_ON        ra8889.o
    0x08000704   0x08000704   0x00000028   Code   RO           83    i.EXTI_Configuration  main.o
    0x0800072c   0x0800072c   0x00000084   Code   RO          931    i.EXTI_Init         stm32f10x_exti.o
    0x080007b0   0x080007b0   0x0000001c   Code   RO         3177    i.Enable_Font_Alignment  ra8889.o
    0x080007cc   0x080007cc   0x00000044   Code   RO         3189    i.Enable_PLL        ra8889.o
    0x08000810   0x08000810   0x0000001c   Code   RO         3196    i.Enable_SFlash_SPI  ra8889.o
    0x0800082c   0x0800082c   0x00000054   Code   RO            1    i.FSMC_LCD_Init_H   fsmc_sram.o
    0x08000880   0x08000880   0x00000020   Code   RO          990    i.FSMC_NORSRAMCmd   stm32f10x_fsmc.o
    0x080008a0   0x080008a0   0x000000c4   Code   RO          992    i.FSMC_NORSRAMInit  stm32f10x_fsmc.o
    0x08000964   0x08000964   0x00000018   Code   RO         3213    i.Font_Background_select_Color  ra8889.o
    0x0800097c   0x0800097c   0x0000001c   Code   RO         3214    i.Font_Background_select_Original_Canvas  ra8889.o
    0x08000998   0x08000998   0x00000018   Code   RO         3215    i.Font_Height_X1    ra8889.o
    0x080009b0   0x080009b0   0x0000001c   Code   RO         3216    i.Font_Height_X2    ra8889.o
    0x080009cc   0x080009cc   0x0000001c   Code   RO         3217    i.Font_Height_X3    ra8889.o
    0x080009e8   0x080009e8   0x0000001c   Code   RO         3218    i.Font_Height_X4    ra8889.o
    0x08000a04   0x08000a04   0x0000001c   Code   RO         3220    i.Font_Select_12x24_24x24  ra8889.o
    0x08000a20   0x08000a20   0x0000001c   Code   RO         3221    i.Font_Select_16x32_32x32  ra8889.o
    0x08000a3c   0x08000a3c   0x00000018   Code   RO         3222    i.Font_Select_8x16_16x16  ra8889.o
    0x08000a54   0x08000a54   0x00000018   Code   RO         3224    i.Font_Width_X1     ra8889.o
    0x08000a6c   0x08000a6c   0x0000001c   Code   RO         3225    i.Font_Width_X2     ra8889.o
    0x08000a88   0x08000a88   0x0000001c   Code   RO         3226    i.Font_Width_X3     ra8889.o
    0x08000aa4   0x08000aa4   0x0000001c   Code   RO         3227    i.Font_Width_X4     ra8889.o
    0x08000ac0   0x08000ac0   0x00000024   Code   RO         3229    i.Foreground_color_16M  ra8889.o
    0x08000ae4   0x08000ae4   0x000001dc   Code   RO           84    i.GPIO_Configuration  main.o
    0x08000cc0   0x08000cc0   0x00000028   Code   RO         1101    i.GPIO_EXTILineConfig  stm32f10x_gpio.o
    0x08000ce8   0x08000ce8   0x0000009c   Code   RO         1104    i.GPIO_Init         stm32f10x_gpio.o
    0x08000d84   0x08000d84   0x0000000e   Code   RO         1108    i.GPIO_ReadInputDataBit  stm32f10x_gpio.o
    0x08000d92   0x08000d92   0x00000004   Code   RO         1111    i.GPIO_ResetBits    stm32f10x_gpio.o
    0x08000d96   0x08000d96   0x00000004   Code   RO         1112    i.GPIO_SetBits      stm32f10x_gpio.o
    0x08000d9a   0x08000d9a   0x00000002   PAD
    0x08000d9c   0x08000d9c   0x0000001c   Code   RO         3237    i.GTFont_Select_GT30L24T3Y  ra8889.o
    0x08000db8   0x08000db8   0x0000002c   Code   RO         3243    i.Goto_Pixel_XY     ra8889.o
    0x08000de4   0x08000de4   0x00000028   Code   RO         3244    i.Goto_Text_XY      ra8889.o
    0x08000e0c   0x08000e0c   0x00000018   Code   RO         3246    i.Graphic_Mode      ra8889.o
    0x08000e24   0x08000e24   0x00000018   Code   RO         3250    i.HSYNC_Low_Active  ra8889.o
    0x08000e3c   0x08000e3c   0x00000002   Code   RO          247    i.HardFault_Handler  stm32f10x_it.o
    0x08000e3e   0x08000e3e   0x00000002   PAD
    0x08000e40   0x08000e40   0x0000001c   Code   RO         3251    i.Host_Bus_16bit    ra8889.o
    0x08000e5c   0x08000e5c   0x00000028   Code   RO         3257    i.IDEC_Destination_Color_24bpp  ra8889.o
    0x08000e84   0x08000e84   0x00000028   Code   RO         3303    i.LCD_HSYNC_Pulse_Width  ra8889.o
    0x08000eac   0x08000eac   0x00000024   Code   RO         3304    i.LCD_HSYNC_Start_Position  ra8889.o
    0x08000ed0   0x08000ed0   0x00000050   Code   RO         3305    i.LCD_HorizontalWidth_VerticalHeight  ra8889.o
    0x08000f20   0x08000f20   0x00000030   Code   RO         3306    i.LCD_Horizontal_Non_Display  ra8889.o
    0x08000f50   0x08000f50   0x00000014   Code   RO         3307    i.LCD_RegisterRead  ra8889.o
    0x08000f64   0x08000f64   0x0000001c   Code   RO         3308    i.LCD_RegisterWrite  ra8889.o
    0x08000f80   0x08000f80   0x00000018   Code   RO         3309    i.LCD_VSYNC_Pulse_Width  ra8889.o
    0x08000f98   0x08000f98   0x00000018   Code   RO         3310    i.LCD_VSYNC_Start_Position  ra8889.o
    0x08000fb0   0x08000fb0   0x00000020   Code   RO         3311    i.LCD_Vertical_Non_Display  ra8889.o
    0x08000fd0   0x08000fd0   0x0000002c   Code   RO         3318    i.Main_Image_Start_Address  ra8889.o
    0x08000ffc   0x08000ffc   0x0000001c   Code   RO         3319    i.Main_Image_Width  ra8889.o
    0x08001018   0x08001018   0x00000028   Code   RO         3320    i.Main_Window_Start_XY  ra8889.o
    0x08001040   0x08001040   0x00000002   Code   RO          248    i.MemManage_Handler  stm32f10x_it.o
    0x08001042   0x08001042   0x00000002   PAD
    0x08001044   0x08001044   0x00000018   Code   RO         3330    i.MemWrite_Left_Right_Top_Down  ra8889.o
    0x0800105c   0x0800105c   0x0000001c   Code   RO         3334    i.Memory_24bpp_Mode  ra8889.o
    0x08001078   0x08001078   0x00000018   Code   RO         3340    i.Memory_Select_SDRAM  ra8889.o
    0x08001090   0x08001090   0x00000018   Code   RO         3341    i.Memory_XY_Mode    ra8889.o
    0x080010a8   0x080010a8   0x00000002   Code   RO          249    i.NMI_Handler       stm32f10x_it.o
    0x080010aa   0x080010aa   0x00000062   Code   RO           85    i.NVIC_Configuration  main.o
    0x0800110c   0x0800110c   0x00000064   Code   RO          886    i.NVIC_Init         misc.o
    0x08001170   0x08001170   0x00000014   Code   RO          887    i.NVIC_PriorityGroupConfig  misc.o
    0x08001184   0x08001184   0x00000014   Code   RO          888    i.NVIC_SetVectorTable  misc.o
    0x08001198   0x08001198   0x0000001c   Code   RO         3346    i.PCLK_Falling      ra8889.o
    0x080011b4   0x080011b4   0x00000018   Code   RO         3355    i.PDATA_Set_RGB     ra8889.o
    0x080011cc   0x080011cc   0x00000002   Code   RO          250    i.PendSV_Handler    stm32f10x_it.o
    0x080011ce   0x080011ce   0x00000048   Code   RO         6275    i.Print_Internal_Font_String  ra8889_api.o
    0x08001216   0x08001216   0x00000002   PAD
    0x08001218   0x08001218   0x00000038   Code   RO         3369    i.RA8889_HW_Reset   ra8889.o
    0x08001250   0x08001250   0x000000ba   Code   RO         3384    i.RA8889_Initial    ra8889.o
    0x0800130a   0x0800130a   0x0000013a   Code   RO         3385    i.RA8889_PLL        ra8889.o
    0x08001444   0x08001444   0x00000034   Code   RO         3386    i.RA8889_SDRAM_initial  ra8889.o
    0x08001478   0x08001478   0x0000002c   Code   RO         3387    i.RA8889_SW_Reset   ra8889.o
    0x080014a4   0x080014a4   0x00000018   Code   RO         1208    i.RCC_AHBPeriphClockCmd  stm32f10x_rcc.o
    0x080014bc   0x080014bc   0x00000018   Code   RO         1209    i.RCC_APB1PeriphClockCmd  stm32f10x_rcc.o
    0x080014d4   0x080014d4   0x00000018   Code   RO         1211    i.RCC_APB2PeriphClockCmd  stm32f10x_rcc.o
    0x080014ec   0x080014ec   0x00000024   Code   RO           88    i.RCC_Configuration  main.o
    0x08001510   0x08001510   0x00000094   Code   RO         1219    i.RCC_GetClocksFreq  stm32f10x_rcc.o
    0x080015a4   0x080015a4   0x0000001c   Code   RO         3388    i.REG_Switch_to_REG0  ra8889.o
    0x080015c0   0x080015c0   0x0000001c   Code   RO         3389    i.REG_Switch_to_REG1  ra8889.o
    0x080015dc   0x080015dc   0x00000018   Code   RO         3405    i.Reset_CPHA        ra8889.o
    0x080015f4   0x080015f4   0x00000018   Code   RO         3406    i.Reset_CPOL        ra8889.o
    0x0800160c   0x0800160c   0x0000000c   Code   RO         1786    i.SDIO_ClearFlag    stm32f10x_sdio.o
    0x08001618   0x08001618   0x0000000c   Code   RO         1787    i.SDIO_ClearITPendingBit  stm32f10x_sdio.o
    0x08001624   0x08001624   0x0000000c   Code   RO         1795    i.SDIO_GetCommandResponse  stm32f10x_sdio.o
    0x08001630   0x08001630   0x00000014   Code   RO         1798    i.SDIO_GetFlagStatus  stm32f10x_sdio.o
    0x08001644   0x08001644   0x00000014   Code   RO         1799    i.SDIO_GetITStatus  stm32f10x_sdio.o
    0x08001658   0x08001658   0x0000000c   Code   RO         1801    i.SDIO_GetResponse  stm32f10x_sdio.o
    0x08001664   0x08001664   0x00000004   Code   RO          251    i.SDIO_IRQHandler   stm32f10x_it.o
    0x08001668   0x08001668   0x00000018   Code   RO         1802    i.SDIO_ITConfig     stm32f10x_sdio.o
    0x08001680   0x08001680   0x0000000c   Code   RO         1804    i.SDIO_ReadData     stm32f10x_sdio.o
    0x0800168c   0x0800168c   0x00000028   Code   RO         1806    i.SDIO_SendCommand  stm32f10x_sdio.o
    0x080016b4   0x080016b4   0x0000000c   Code   RO         1814    i.SDIO_WriteData    stm32f10x_sdio.o
    0x080016c0   0x080016c0   0x00000198   Code   RO          331    i.SD_ProcessIRQSrc  sdcard.o
    0x08001858   0x08001858   0x00000028   Code   RO          338    i.SD_StopTransfer   sdcard.o
    0x08001880   0x08001880   0x00000010   Code   RO         3425    i.SPI_Clock_Period  ra8889.o
    0x08001890   0x08001890   0x00000014   Code   RO         1580    i.SPI_Cmd           stm32f10x_spi.o
    0x080018a4   0x080018a4   0x00000038   Code   RO         1593    i.SPI_Init          stm32f10x_spi.o
    0x080018dc   0x080018dc   0x000000ac   Code   RO          593    i.SPI_Peripheral_Init  spi_flash.o
    0x08001988   0x08001988   0x00000002   Code   RO          252    i.SVC_Handler       stm32f10x_it.o
    0x0800198a   0x0800198a   0x000000a6   Code   RO         6285    i.Select_Font_Height_WxN_HxN_ChromaKey_Alignment  ra8889_api.o
    0x08001a30   0x08001a30   0x00000018   Code   RO         3435    i.Select_LCD_Sync_Mode  ra8889.o
    0x08001a48   0x08001a48   0x0000001c   Code   RO         3437    i.Select_Main_Window_24bpp  ra8889.o
    0x08001a64   0x08001a64   0x0000001c   Code   RO         3441    i.Select_PIP1_Window_24bpp  ra8889.o
    0x08001a80   0x08001a80   0x0000001c   Code   RO         3445    i.Select_PIP2_Window_24bpp  ra8889.o
    0x08001a9c   0x08001a9c   0x00000018   Code   RO         3465    i.Select_SFI_24bit_Address  ra8889.o
    0x08001ab4   0x08001ab4   0x00000024   Code   RO         3474    i.Select_SFI_Single_Mode_Dummy_0T_03h  ra8889.o
    0x08001ad8   0x08001ad8   0x00000018   Code   RO         3481    i.Select_standard_SPI_Mode0_or_Mode3  ra8889.o
    0x08001af0   0x08001af0   0x000000a8   Code   RO         2749    i.SetSysClockTo72   system_stm32f10x.o
    0x08001b98   0x08001b98   0x0000001c   Code   RO         3484    i.Set_CPHA          ra8889.o
    0x08001bb4   0x08001bb4   0x0000001c   Code   RO         3485    i.Set_CPOL          ra8889.o
    0x08001bd0   0x08001bd0   0x0000009e   Code   RO         3495    i.Set_LCD_Panel     ra8889.o
    0x08001c6e   0x08001c6e   0x00000034   Code   RO         3497    i.Set_Serial_Flash_IF  ra8889.o
    0x08001ca2   0x08001ca2   0x00000002   PAD
    0x08001ca4   0x08001ca4   0x00000038   Code   RO         6286    i.Show_String       ra8889_api.o
    0x08001cdc   0x08001cdc   0x00000002   Code   RO          253    i.SysTick_Handler   stm32f10x_it.o
    0x08001cde   0x08001cde   0x00000002   PAD
    0x08001ce0   0x08001ce0   0x00000040   Code   RO         2750    i.SystemInit        system_stm32f10x.o
    0x08001d20   0x08001d20   0x00000018   Code   RO         3531    i.TFT_24bit         ra8889.o
    0x08001d38   0x08001d38   0x00000018   Code   RO         3533    i.Text_Mode         ra8889.o
    0x08001d50   0x08001d50   0x00000014   Code   RO         1411    i.USART_Cmd         stm32f10x_usart.o
    0x08001d64   0x08001d64   0x00000088   Code   RO          688    i.USART_Configuration  usart.o
    0x08001dec   0x08001dec   0x0000000e   Code   RO         1414    i.USART_GetFlagStatus  stm32f10x_usart.o
    0x08001dfa   0x08001dfa   0x00000030   Code   RO         1417    i.USART_ITConfig    stm32f10x_usart.o
    0x08001e2a   0x08001e2a   0x00000002   PAD
    0x08001e2c   0x08001e2c   0x0000008c   Code   RO         1418    i.USART_Init        stm32f10x_usart.o
    0x08001eb8   0x08001eb8   0x00000008   Code   RO         1426    i.USART_SendData    stm32f10x_usart.o
    0x08001ec0   0x08001ec0   0x00000002   Code   RO          254    i.UsageFault_Handler  stm32f10x_it.o
    0x08001ec2   0x08001ec2   0x00000002   PAD
    0x08001ec4   0x08001ec4   0x00000018   Code   RO         3543    i.VSCAN_T_to_B      ra8889.o
    0x08001edc   0x08001edc   0x00000018   Code   RO         3545    i.VSYNC_Low_Active  ra8889.o
    0x08001ef4   0x08001ef4   0x00000020   Code   RO         7283    i.__0printf$5       mc_w.l(printf5.o)
    0x08001f14   0x08001f14   0x0000000e   Code   RO         7459    i.__scatterload_copy  mc_w.l(handlers.o)
    0x08001f22   0x08001f22   0x00000002   Code   RO         7460    i.__scatterload_null  mc_w.l(handlers.o)
    0x08001f24   0x08001f24   0x0000000e   Code   RO         7461    i.__scatterload_zeroinit  mc_w.l(handlers.o)
    0x08001f32   0x08001f32   0x00000002   PAD
    0x08001f34   0x08001f34   0x000002c0   Code   RO         7290    i._printf_core      mc_w.l(printf5.o)
    0x080021f4   0x080021f4   0x0000002c   Code   RO          553    i.delay_init        delay.o
    0x08002220   0x08002220   0x00000028   Code   RO          554    i.delay_ms          delay.o
    0x08002248   0x08002248   0x00000014   Code   RO          555    i.delay_seconds     delay.o
    0x0800225c   0x0800225c   0x00000028   Code   RO          556    i.delay_us          delay.o
    0x08002284   0x08002284   0x00000024   Code   RO          689    i.fputc             usart.o
    0x080022a8   0x080022a8   0x00000084   Code   RO           91    i.main              main.o
    0x0800232c   0x0800232c   0x00000020   Data   RO         7457    Region$$Table       anon$$obj.o


    Execution Region RW_IRAM1 (Exec base: 0x20000000, Load base: 0x0800234c, Size: 0x000002a8, Max: 0x00010000, ABSOLUTE)

    Exec Addr    Load Addr    Size         Type   Attr      Idx    E Section Name        Object

    0x20000000   0x0800234c   0x00000028   Data   RW          343    .data               sdcard.o
    0x20000028   0x08002374   0x00000004   Data   RW          557    .data               delay.o
    0x2000002c   0x08002378   0x00000014   Data   RW         1239    .data               stm32f10x_rcc.o
    0x20000040   0x0800238c   0x00000004   Data   RW         7425    .data               mc_w.l(stdout.o)
    0x20000044        -       0x00000064   Zero   RW          342    .bss                sdcard.o
    0x200000a8        -       0x00000200   Zero   RW         2731    STACK               startup_stm32f10x_hd.o


==============================================================================

Image component sizes


      Code (inc. data)   RO Data    RW Data    ZI Data      Debug   Object Name

       104         16          0          0          0        961   api_demo.o
       144         14          0          4          0       2099   delay.o
        84          0          0          0          0     252530   fsmc_sram.o
       782         46          0          0          0      10460   main.o
       140         24          0          0          0       1869   misc.o
      3466        416          0          0          0      46315   ra8889.o
       362          4          0          0          0       3117   ra8889_api.o
         0          0          0          0          0     201800   rtc_time.o
       680         16          0         40        100       6176   sdcard.o
       172          8          0          0          0        602   spi_flash.o
        48         12        304          0        512        852   startup_stm32f10x_hd.o
       132          8          0          0          0        904   stm32f10x_exti.o
       228          6          0          0          0       1725   stm32f10x_fsmc.o
       218          6          0          0          0       3898   stm32f10x_gpio.o
        22          0          0          0          0       3952   stm32f10x_it.o
       220         36          0         20          0       4782   stm32f10x_rcc.o
       176         48          0          0          0       6619   stm32f10x_sdio.o
        76          0          0          0          0       1821   stm32f10x_spi.o
       230          6          0          0          0       4449   stm32f10x_usart.o
       232         22          0          0          0       1345   system_stm32f10x.o
       172         16          0          0          0       1118   usart.o

    ----------------------------------------------------------------------
      7714        704        336         64        612     557394   Object Totals
         0          0         32          0          0          0   (incl. Generated)
        26          0          0          0          0          0   (incl. Padding)

    ----------------------------------------------------------------------

      Code (inc. data)   RO Data    RW Data    ZI Data      Debug   Library Member Name

         0          0          0          0          0          0   entry.o
         0          0          0          0          0          0   entry10a.o
         0          0          0          0          0          0   entry11a.o
         8          4          0          0          0          0   entry2.o
         4          0          0          0          0          0   entry5.o
         0          0          0          0          0          0   entry7b.o
         0          0          0          0          0          0   entry8b.o
         8          4          0          0          0          0   entry9a.o
        30          0          0          0          0          0   handlers.o
        36          8          0          0          0         68   init.o
        30          0          0          0          0         68   llshl.o
        32          0          0          0          0         68   llushr.o
       736         56          0          0          0        184   printf5.o
         0          0          0          4          0          0   stdout.o
        98          0          0          0          0         92   uldiv.o

    ----------------------------------------------------------------------
       986         72          0          4          0        480   Library Totals
         4          0          0          0          0          0   (incl. Padding)

    ----------------------------------------------------------------------

      Code (inc. data)   RO Data    RW Data    ZI Data      Debug   Library Name

       982         72          0          4          0        480   mc_w.l

    ----------------------------------------------------------------------
       986         72          0          4          0        480   Library Totals

    ----------------------------------------------------------------------

==============================================================================


      Code (inc. data)   RO Data    RW Data    ZI Data      Debug   

      8700        776        336         68        612     549810   Grand Totals
      8700        776        336         68        612     549810   ELF Image Totals
      8700        776        336         68          0          0   ROM Totals

==============================================================================

    Total RO  Size (Code + RO Data)                 9036 (   8.82kB)
    Total RW  Size (RW Data + ZI Data)               680 (   0.66kB)
    Total ROM Size (Code + RO Data + RW Data)       9104 (   8.89kB)

==============================================================================

